Archive member included to satisfy reference by file (symbol)

c:/st/stm32cubeide_1.6.1/stm32cubeide/plugins/com.st.stm32cube.ide.mcu.externaltools.gnu-tools-for-stm32.9-2020-q2-update.win32_1.5.0.202011040924/tools/bin/../lib/gcc/arm-none-eabi/9.3.1/../../../../arm-none-eabi/lib/thumb/v7e-m+fp/hard\libc_nano.a(lib_a-errno.o)
                              Core/Src/syscalls.o (__errno)
c:/st/stm32cubeide_1.6.1/stm32cubeide/plugins/com.st.stm32cube.ide.mcu.externaltools.gnu-tools-for-stm32.9-2020-q2-update.win32_1.5.0.202011040924/tools/bin/../lib/gcc/arm-none-eabi/9.3.1/../../../../arm-none-eabi/lib/thumb/v7e-m+fp/hard\libc_nano.a(lib_a-exit.o)
                              c:/st/stm32cubeide_1.6.1/stm32cubeide/plugins/com.st.stm32cube.ide.mcu.externaltools.gnu-tools-for-stm32.9-2020-q2-update.win32_1.5.0.202011040924/tools/bin/../lib/gcc/arm-none-eabi/9.3.1/../../../../arm-none-eabi/lib/thumb/v7e-m+fp/hard/crt0.o (exit)
c:/st/stm32cubeide_1.6.1/stm32cubeide/plugins/com.st.stm32cube.ide.mcu.externaltools.gnu-tools-for-stm32.9-2020-q2-update.win32_1.5.0.202011040924/tools/bin/../lib/gcc/arm-none-eabi/9.3.1/../../../../arm-none-eabi/lib/thumb/v7e-m+fp/hard\libc_nano.a(lib_a-impure.o)
                              c:/st/stm32cubeide_1.6.1/stm32cubeide/plugins/com.st.stm32cube.ide.mcu.externaltools.gnu-tools-for-stm32.9-2020-q2-update.win32_1.5.0.202011040924/tools/bin/../lib/gcc/arm-none-eabi/9.3.1/../../../../arm-none-eabi/lib/thumb/v7e-m+fp/hard\libc_nano.a(lib_a-exit.o) (_global_impure_ptr)
c:/st/stm32cubeide_1.6.1/stm32cubeide/plugins/com.st.stm32cube.ide.mcu.externaltools.gnu-tools-for-stm32.9-2020-q2-update.win32_1.5.0.202011040924/tools/bin/../lib/gcc/arm-none-eabi/9.3.1/../../../../arm-none-eabi/lib/thumb/v7e-m+fp/hard\libc_nano.a(lib_a-init.o)
                              c:/st/stm32cubeide_1.6.1/stm32cubeide/plugins/com.st.stm32cube.ide.mcu.externaltools.gnu-tools-for-stm32.9-2020-q2-update.win32_1.5.0.202011040924/tools/bin/../lib/gcc/arm-none-eabi/9.3.1/../../../../arm-none-eabi/lib/thumb/v7e-m+fp/hard/crt0.o (__libc_init_array)
c:/st/stm32cubeide_1.6.1/stm32cubeide/plugins/com.st.stm32cube.ide.mcu.externaltools.gnu-tools-for-stm32.9-2020-q2-update.win32_1.5.0.202011040924/tools/bin/../lib/gcc/arm-none-eabi/9.3.1/../../../../arm-none-eabi/lib/thumb/v7e-m+fp/hard\libc_nano.a(lib_a-memset.o)
                              c:/st/stm32cubeide_1.6.1/stm32cubeide/plugins/com.st.stm32cube.ide.mcu.externaltools.gnu-tools-for-stm32.9-2020-q2-update.win32_1.5.0.202011040924/tools/bin/../lib/gcc/arm-none-eabi/9.3.1/../../../../arm-none-eabi/lib/thumb/v7e-m+fp/hard/crt0.o (memset)
c:/st/stm32cubeide_1.6.1/stm32cubeide/plugins/com.st.stm32cube.ide.mcu.externaltools.gnu-tools-for-stm32.9-2020-q2-update.win32_1.5.0.202011040924/tools/bin/../lib/gcc/arm-none-eabi/9.3.1/../../../../arm-none-eabi/lib/thumb/v7e-m+fp/hard\libc_nano.a(lib_a-sprintf.o)
                              Core/Src/ESPDataLogger.o (sprintf)
c:/st/stm32cubeide_1.6.1/stm32cubeide/plugins/com.st.stm32cube.ide.mcu.externaltools.gnu-tools-for-stm32.9-2020-q2-update.win32_1.5.0.202011040924/tools/bin/../lib/gcc/arm-none-eabi/9.3.1/../../../../arm-none-eabi/lib/thumb/v7e-m+fp/hard\libc_nano.a(lib_a-strcat.o)
                              Core/Src/ESPDataLogger.o (strcat)
c:/st/stm32cubeide_1.6.1/stm32cubeide/plugins/com.st.stm32cube.ide.mcu.externaltools.gnu-tools-for-stm32.9-2020-q2-update.win32_1.5.0.202011040924/tools/bin/../lib/gcc/arm-none-eabi/9.3.1/../../../../arm-none-eabi/lib/thumb/v7e-m+fp/hard\libc_nano.a(lib_a-strlen.o)
                              Core/Src/ESPDataLogger.o (strlen)
c:/st/stm32cubeide_1.6.1/stm32cubeide/plugins/com.st.stm32cube.ide.mcu.externaltools.gnu-tools-for-stm32.9-2020-q2-update.win32_1.5.0.202011040924/tools/bin/../lib/gcc/arm-none-eabi/9.3.1/../../../../arm-none-eabi/lib/thumb/v7e-m+fp/hard\libc_nano.a(lib_a-nano-svfprintf.o)
                              c:/st/stm32cubeide_1.6.1/stm32cubeide/plugins/com.st.stm32cube.ide.mcu.externaltools.gnu-tools-for-stm32.9-2020-q2-update.win32_1.5.0.202011040924/tools/bin/../lib/gcc/arm-none-eabi/9.3.1/../../../../arm-none-eabi/lib/thumb/v7e-m+fp/hard\libc_nano.a(lib_a-sprintf.o) (_svfprintf_r)
c:/st/stm32cubeide_1.6.1/stm32cubeide/plugins/com.st.stm32cube.ide.mcu.externaltools.gnu-tools-for-stm32.9-2020-q2-update.win32_1.5.0.202011040924/tools/bin/../lib/gcc/arm-none-eabi/9.3.1/../../../../arm-none-eabi/lib/thumb/v7e-m+fp/hard\libc_nano.a(lib_a-nano-vfprintf_i.o)
                              c:/st/stm32cubeide_1.6.1/stm32cubeide/plugins/com.st.stm32cube.ide.mcu.externaltools.gnu-tools-for-stm32.9-2020-q2-update.win32_1.5.0.202011040924/tools/bin/../lib/gcc/arm-none-eabi/9.3.1/../../../../arm-none-eabi/lib/thumb/v7e-m+fp/hard\libc_nano.a(lib_a-nano-svfprintf.o) (_printf_i)
[...]
Memory Configuration

Name             Origin             Length             Attributes
CCMRAM           0x0000000010000000 0x0000000000010000 xrw
RAM              0x0000000020000000 0x0000000000020000 xrw
FLASH            0x0000000008000000 0x0000000000100000 xr
*default*        0x0000000000000000 0xffffffffffffffff

Linker script and memory map

LOAD c:/st/stm32cubeide_1.6.1/stm32cubeide/plugins/com.st.stm32cube.ide.mcu.externaltools.gnu-tools-for-stm32.9-2020-q2-update.win32_1.5.0.202011040924/tools/bin/../lib/gcc/arm-none-eabi/9.3.1/thumb/v7e-m+fp/hard/crti.o
LOAD c:/st/stm32cubeide_1.6.1/stm32cubeide/plugins/com.st.stm32cube.ide.mcu.externaltools.gnu-tools-for-stm32.9-2020-q2-update.win32_1.5.0.202011040924/tools/bin/../lib/gcc/arm-none-eabi/9.3.1/thumb/v7e-m+fp/hard/crtbegin.o
LOAD c:/st/stm32cubeide_1.6.1/stm32cubeide/plugins/com.st.stm32cube.ide.mcu.externaltools.gnu-tools-for-stm32.9-2020-q2-update.win32_1.5.0.202011040924/tools/bin/../lib/gcc/arm-none-eabi/9.3.1/../../../../arm-none-eabi/lib/thumb/v7e-m+fp/hard/crt0.o
LOAD Core/Src/ESPDataLogger.o
LOAD Core/Src/UartRingbuffer.o
LOAD Core/Src/keypad.o
LOAD Core/Src/lcd.o
LOAD Core/Src/main.o
LOAD Core/Src/stm32f4xx_hal_msp.o
LOAD Core/Src/stm32f4xx_it.o
LOAD Core/Src/syscalls.o
LOAD Core/Src/sysmem.o
LOAD Core/Src/system_stm32f4xx.o
LOAD Core/Startup/startup_stm32f407vgtx.o
LOAD Drivers/STM32F4xx_HAL_Driver/Src/stm32f4xx_hal.o
LOAD Drivers/STM32F4xx_HAL_Driver/Src/stm32f4xx_hal_cortex.o
LOAD Drivers/STM32F4xx_HAL_Driver/Src/stm32f4xx_hal_dma.o
LOAD Drivers/STM32F4xx_HAL_Driver/Src/stm32f4xx_hal_dma_ex.o
LOAD Drivers/STM32F4xx_HAL_Driver/Src/stm32f4xx_hal_exti.o
LOAD Drivers/STM32F4xx_HAL_Driver/Src/stm32f4xx_hal_flash.o
LOAD Drivers/STM32F4xx_HAL_Driver/Src/stm32f4xx_hal_flash_ex.o
LOAD Drivers/STM32F4xx_HAL_Driver/Src/stm32f4xx_hal_flash_ramfunc.o
LOAD Drivers/STM32F4xx_HAL_Driver/Src/stm32f4xx_hal_gpio.o
LOAD Drivers/STM32F4xx_HAL_Driver/Src/stm32f4xx_hal_i2c.o
LOAD Drivers/STM32F4xx_HAL_Driver/Src/stm32f4xx_hal_i2c_ex.o
LOAD Drivers/STM32F4xx_HAL_Driver/Src/stm32f4xx_hal_pwr.o
LOAD Drivers/STM32F4xx_HAL_Driver/Src/stm32f4xx_hal_pwr_ex.o
LOAD Drivers/STM32F4xx_HAL_Driver/Src/stm32f4xx_hal_rcc.o
LOAD Drivers/STM32F4xx_HAL_Driver/Src/stm32f4xx_hal_rcc_ex.o
LOAD Drivers/STM32F4xx_HAL_Driver/Src/stm32f4xx_hal_tim.o
LOAD Drivers/STM32F4xx_HAL_Driver/Src/stm32f4xx_hal_tim_ex.o
LOAD Drivers/STM32F4xx_HAL_Driver/Src/stm32f4xx_hal_uart.o
START GROUP
LOAD c:/st/stm32cubeide_1.6.1/stm32cubeide/plugins/com.st.stm32cube.ide.mcu.externaltools.gnu-tools-for-stm32.9-2020-q2-update.win32_1.5.0.202011040924/tools/bin/../lib/gcc/arm-none-eabi/9.3.1/../../../../arm-none-eabi/lib/thumb/v7e-m+fp/hard\libc_nano.a
LOAD c:/st/stm32cubeide_1.6.1/stm32cubeide/plugins/com.st.stm32cube.ide.mcu.externaltools.gnu-tools-for-stm32.9-2020-q2-update.win32_1.5.0.202011040924/tools/bin/../lib/gcc/arm-none-eabi/9.3.1/../../../../arm-none-eabi/lib/thumb/v7e-m+fp/hard\libm.a
END GROUP
START GROUP
LOAD c:/st/stm32cubeide_1.6.1/stm32cubeide/plugins/com.st.stm32cube.ide.mcu.externaltools.gnu-tools-for-stm32.9-2020-q2-update.win32_1.5.0.202011040924/tools/bin/../lib/gcc/arm-none-eabi/9.3.1/thumb/v7e-m+fp/hard\libgcc.a
LOAD c:/st/stm32cubeide_1.6.1/stm32cubeide/plugins/com.st.stm32cube.ide.mcu.externaltools.gnu-tools-for-stm32.9-2020-q2-update.win32_1.5.0.202011040924/tools/bin/../lib/gcc/arm-none-eabi/9.3.1/../../../../arm-none-eabi/lib/thumb/v7e-m+fp/hard\libc_nano.a
END GROUP
START GROUP
LOAD c:/st/stm32cubeide_1.6.1/stm32cubeide/plugins/com.st.stm32cube.ide.mcu.externaltools.gnu-tools-for-stm32.9-2020-q2-update.win32_1.5.0.202011040924/tools/bin/../lib/gcc/arm-none-eabi/9.3.1/thumb/v7e-m+fp/hard\libgcc.a
LOAD c:/st/stm32cubeide_1.6.1/stm32cubeide/plugins/com.st.stm32cube.ide.mcu.externaltools.gnu-tools-for-stm32.9-2020-q2-update.win32_1.5.0.202011040924/tools/bin/../lib/gcc/arm-none-eabi/9.3.1/../../../../arm-none-eabi/lib/thumb/v7e-m+fp/hard\libc_nano.a
LOAD c:/st/stm32cubeide_1.6.1/stm32cubeide/plugins/com.st.stm32cube.ide.mcu.externaltools.gnu-tools-for-stm32.9-2020-q2-update.win32_1.5.0.202011040924/tools/bin/../lib/gcc/arm-none-eabi/9.3.1/../../../../arm-none-eabi/lib/thumb/v7e-m+fp/hard\libnosys.a
END GROUP
START GROUP
LOAD c:/st/stm32cubeide_1.6.1/stm32cubeide/plugins/com.st.stm32cube.ide.mcu.externaltools.gnu-tools-for-stm32.9-2020-q2-update.win32_1.5.0.202011040924/tools/bin/../lib/gcc/arm-none-eabi/9.3.1/thumb/v7e-m+fp/hard\libgcc.a
LOAD c:/st/stm32cubeide_1.6.1/stm32cubeide/plugins/com.st.stm32cube.ide.mcu.externaltools.gnu-tools-for-stm32.9-2020-q2-update.win32_1.5.0.202011040924/tools/bin/../lib/gcc/arm-none-eabi/9.3.1/../../../../arm-none-eabi/lib/thumb/v7e-m+fp/hard\libc_nano.a
LOAD c:/st/stm32cubeide_1.6.1/stm32cubeide/plugins/com.st.stm32cube.ide.mcu.externaltools.gnu-tools-for-stm32.9-2020-q2-update.win32_1.5.0.202011040924/tools/bin/../lib/gcc/arm-none-eabi/9.3.1/../../../../arm-none-eabi/lib/thumb/v7e-m+fp/hard\libnosys.a
END GROUP
LOAD c:/st/stm32cubeide_1.6.1/stm32cubeide/plugins/com.st.stm32cube.ide.mcu.externaltools.gnu-tools-for-stm32.9-2020-q2-update.win32_1.5.0.202011040924/tools/bin/../lib/gcc/arm-none-eabi/9.3.1/thumb/v7e-m+fp/hard/crtend.o
LOAD c:/st/stm32cubeide_1.6.1/stm32cubeide/plugins/com.st.stm32cube.ide.mcu.externaltools.gnu-tools-for-stm32.9-2020-q2-update.win32_1.5.0.202011040924/tools/bin/../lib/gcc/arm-none-eabi/9.3.1/thumb/v7e-m+fp/hard/crtn.o
                0x0000000020020000                _estack = (ORIGIN (RAM) + LENGTH (RAM))
                0x0000000000000200                _Min_Heap_Size = 0x200
                0x0000000000000400                _Min_Stack_Size = 0x400

.isr_vector     0x0000000008000000      0x188
                0x0000000008000000                . = ALIGN (0x4)
 *(.isr_vector)
 .isr_vector    0x0000000008000000      0x188 Core/Startup/startup_stm32f407vgtx.o
                0x0000000008000000                g_pfnVectors
                0x0000000008000188                . = ALIGN (0x4)

.text           0x0000000008000190     0x53b0
                0x0000000008000190                . = ALIGN (0x4)
 *(.text)
 .text          0x0000000008000190       0x40 c:/st/stm32cubeide_1.6.1/stm32cubeide/plugins/com.st.stm32cube.ide.mcu.externaltools.gnu-tools-for-stm32.9-2020-q2-update.win32_1.5.0.202011040924/tools/bin/../lib/gcc/arm-none-eabi/9.3.1/thumb/v7e-m+fp/hard/crtbegin.o
 .text          0x00000000080001d0       0x10 c:/st/stm32cubeide_1.6.1/stm32cubeide/plugins/com.st.stm32cube.ide.mcu.externaltools.gnu-tools-for-stm32.9-2020-q2-update.win32_1.5.0.202011040924/tools/bin/../lib/gcc/arm-none-eabi/9.3.1/../../../../arm-none-eabi/lib/thumb/v7e-m+fp/hard\libc_nano.a(lib_a-strlen.o)
                0x00000000080001d0                strlen
 .text          0x00000000080001e0       0xa0 c:/st/stm32cubeide_1.6.1/stm32cubeide/plugins/com.st.stm32cube.ide.mcu.externaltools.gnu-tools-for-stm32.9-2020-q2-update.win32_1.5.0.202011040924/tools/bin/../lib/gcc/arm-none-eabi/9.3.1/../../../../arm-none-eabi/lib/thumb/v7e-m+fp/hard\libc_nano.a(lib_a-memchr.o)
                0x00000000080001e0                memchr
 .text          0x0000000008000280       0x30 c:/st/stm32cubeide_1.6.1/stm32cubeide/plugins/com.st.stm32cube.ide.mcu.externaltools.gnu-tools-for-stm32.9-2020-q2-update.win32_1.5.0.202011040924/tools/bin/../lib/gcc/arm-none-eabi/9.3.1/thumb/v7e-m+fp/hard\libgcc.a(_aeabi_uldivmod.o)
                0x0000000008000280                __aeabi_uldivmod
 .text          0x00000000080002b0      0x2c4 c:/st/stm32cubeide_1.6.1/stm32cubeide/plugins/com.st.stm32cube.ide.mcu.externaltools.gnu-tools-for-stm32.9-2020-q2-update.win32_1.5.0.202011040924/tools/bin/../lib/gcc/arm-none-eabi/9.3.1/thumb/v7e-m+fp/hard\libgcc.a(_udivmoddi4.o)
                0x00000000080002b0                __udivmoddi4
 .text          0x0000000008000574        0x4 c:/st/stm32cubeide_1.6.1/stm32cubeide/plugins/com.st.stm32cube.ide.mcu.externaltools.gnu-tools-for-stm32.9-2020-q2-update.win32_1.5.0.202011040924/tools/bin/../lib/gcc/arm-none-eabi/9.3.1/thumb/v7e-m+fp/hard\libgcc.a(_dvmd_tls.o)
                0x0000000008000574                __aeabi_idiv0
                0x0000000008000574                __aeabi_ldiv0
 *(.text*)
 .text.bufclr   0x0000000008000578       0x3a Core/Src/ESPDataLogger.o
                0x0000000008000578                bufclr
 *fill*         0x00000000080005b2        0x2 
 .text.ESP_Init
                0x00000000080005b4       0xb8 Core/Src/ESPDataLogger.o
                0x00000000080005b4                ESP_Init
 .text.ESP_Send_Multi
                0x000000000800066c      0x194 Core/Src/ESPDataLogger.o
                0x000000000800066c                ESP_Send_Multi
 .text.Ringbuf_init
                0x0000000008000800       0x50 Core/Src/UartRingbuffer.o
                0x0000000008000800                Ringbuf_init
 .text.store_char
                0x0000000008000850       0x3e Core/Src/UartRingbuffer.o
                0x0000000008000850                store_char
 *fill*         0x000000000800088e        0x2 
 .text.Uart_flush
                0x0000000008000890       0x20 Core/Src/UartRingbuffer.o
                0x0000000008000890                Uart_flush
 .text.Uart_read
                0x00000000080008b0       0x50 Core/Src/UartRingbuffer.o
                0x00000000080008b0                Uart_read
 .text.Uart_write
                0x0000000008000900       0x68 Core/Src/UartRingbuffer.o
                0x0000000008000900                Uart_write
 .text.IsDataAvailable
                0x0000000008000968       0x30 Core/Src/UartRingbuffer.o
                0x0000000008000968                IsDataAvailable
 .text.Uart_sendstring
                0x0000000008000998       0x2a Core/Src/UartRingbuffer.o
                0x0000000008000998                Uart_sendstring
 *fill*         0x00000000080009c2        0x2 
 .text.Uart_peek
                0x00000000080009c4       0x34 Core/Src/UartRingbuffer.o
                0x00000000080009c4                Uart_peek
 .text.Wait_for
                0x00000000080009f8       0xa8 Core/Src/UartRingbuffer.o
                0x00000000080009f8                Wait_for
 .text.Uart_isr
                0x0000000008000aa0       0xb4 Core/Src/UartRingbuffer.o
                0x0000000008000aa0                Uart_isr
 .text.urun_secme
                0x0000000008000b54      0x1ec Core/Src/keypad.o
                0x0000000008000b54                urun_secme
 .text.lcd16x2_init
                0x0000000008000d40       0xa0 Core/Src/lcd.o
                0x0000000008000d40                lcd16x2_init
 .text.lcd16x2_write_command
                0x0000000008000de0       0x20 Core/Src/lcd.o
                0x0000000008000de0                lcd16x2_write_command
 .text.lcd16x2_write_data
                0x0000000008000e00       0x20 Core/Src/lcd.o
                0x0000000008000e00                lcd16x2_write_data
 .text.lcd16x2_clrscr
                0x0000000008000e20        0xe Core/Src/lcd.o
                0x0000000008000e20                lcd16x2_clrscr
 .text.lcd16x2_gotoxy
                0x0000000008000e2e       0x44 Core/Src/lcd.o
                0x0000000008000e2e                lcd16x2_gotoxy
 .text.lcd16x2_getxy
                0x0000000008000e72        0xe Core/Src/lcd.o
                0x0000000008000e72                lcd16x2_getxy
 .text.lcd16x2_entry_inc
                0x0000000008000e80        0xe Core/Src/lcd.o
                0x0000000008000e80                lcd16x2_entry_inc
 .text.lcd16x2_putc
                0x0000000008000e8e       0x50 Core/Src/lcd.o
                0x0000000008000e8e                lcd16x2_putc
 *fill*         0x0000000008000ede        0x2 
 .text.lcd16x2_toggle_e
                0x0000000008000ee0       0x2c Core/Src/lcd.o
 .text.lcd16x2_write
                0x0000000008000f0c      0x16c Core/Src/lcd.o
 .text.lcd16x2_read
                0x0000000008001078      0x130 Core/Src/lcd.o
 .text.lcd16x2_wait_busy
                0x00000000080011a8       0x16 Core/Src/lcd.o
 .text.lcd16x2_new_line
                0x00000000080011be       0x30 Core/Src/lcd.o
 *fill*         0x00000000080011ee        0x2 
 .text.main     0x00000000080011f0      0x3ac Core/Src/main.o
                0x00000000080011f0                main
 .text.SystemClock_Config
                0x000000000800159c       0xd0 Core/Src/main.o
                0x000000000800159c                SystemClock_Config
 .text.MX_I2C1_Init
                0x000000000800166c       0x5c Core/Src/main.o
 .text.MX_TIM4_Init
                0x00000000080016c8       0xf0 Core/Src/main.o
 .text.MX_TIM10_Init
                0x00000000080017b8       0x9c Core/Src/main.o
 .text.MX_TIM12_Init
                0x0000000008001854       0x8c Core/Src/main.o
 .text.MX_TIM13_Init
                0x00000000080018e0       0x9c Core/Src/main.o
 .text.MX_USART2_UART_Init
                0x000000000800197c       0x54 Core/Src/main.o
 .text.MX_GPIO_Init
                0x00000000080019d0      0x194 Core/Src/main.o
 .text.Error_Handler
                0x0000000008001b64        0xa Core/Src/main.o
                0x0000000008001b64                Error_Handler
 *fill*         0x0000000008001b6e        0x2 
 .text.HAL_MspInit
                0x0000000008001b70       0x50 Core/Src/stm32f4xx_hal_msp.o
                0x0000000008001b70                HAL_MspInit
 .text.HAL_I2C_MspInit
                0x0000000008001bc0       0x90 Core/Src/stm32f4xx_hal_msp.o
                0x0000000008001bc0                HAL_I2C_MspInit
 .text.HAL_TIM_Base_MspInit
                0x0000000008001c50       0x9c Core/Src/stm32f4xx_hal_msp.o
                0x0000000008001c50                HAL_TIM_Base_MspInit
 .text.HAL_TIM_PWM_MspInit
                0x0000000008001cec       0x44 Core/Src/stm32f4xx_hal_msp.o
                0x0000000008001cec                HAL_TIM_PWM_MspInit
 .text.HAL_TIM_MspPostInit
                0x0000000008001d30      0x164 Core/Src/stm32f4xx_hal_msp.o
                0x0000000008001d30                HAL_TIM_MspPostInit
 .text.HAL_UART_MspInit
                0x0000000008001e94       0xa0 Core/Src/stm32f4xx_hal_msp.o
                0x0000000008001e94                HAL_UART_MspInit
 .text.NMI_Handler
                0x0000000008001f34        0x6 Core/Src/stm32f4xx_it.o
                0x0000000008001f34                NMI_Handler
 .text.HardFault_Handler
                0x0000000008001f3a        0x6 Core/Src/stm32f4xx_it.o
                0x0000000008001f3a                HardFault_Handler
 .text.MemManage_Handler
                0x0000000008001f40        0x6 Core/Src/stm32f4xx_it.o
                0x0000000008001f40                MemManage_Handler
 .text.BusFault_Handler
                0x0000000008001f46        0x6 Core/Src/stm32f4xx_it.o
                0x0000000008001f46                BusFault_Handler
 .text.UsageFault_Handler
                0x0000000008001f4c        0x6 Core/Src/stm32f4xx_it.o
                0x0000000008001f4c                UsageFault_Handler
 .text.SVC_Handler
                0x0000000008001f52        0xe Core/Src/stm32f4xx_it.o
                0x0000000008001f52                SVC_Handler
 .text.DebugMon_Handler
                0x0000000008001f60        0xe Core/Src/stm32f4xx_it.o
                0x0000000008001f60                DebugMon_Handler
 .text.PendSV_Handler
                0x0000000008001f6e        0xe Core/Src/stm32f4xx_it.o
                0x0000000008001f6e                PendSV_Handler
 .text.SysTick_Handler
                0x0000000008001f7c        0xc Core/Src/stm32f4xx_it.o
                0x0000000008001f7c                SysTick_Handler
 .text.USART2_IRQHandler
                0x0000000008001f88       0x18 Core/Src/stm32f4xx_it.o
                0x0000000008001f88                USART2_IRQHandler
 .text._sbrk    0x0000000008001fa0       0x6c Core/Src/sysmem.o
                0x0000000008001fa0                _sbrk
 .text.SystemInit
                0x000000000800200c       0x24 Core/Src/system_stm32f4xx.o
                0x000000000800200c                SystemInit
 .text.Reset_Handler
                0x0000000008002030       0x50 Core/Startup/startup_stm32f407vgtx.o
                0x0000000008002030                Reset_Handler
 .text.Default_Handler
                0x0000000008002080        0x2 Core/Startup/startup_stm32f407vgtx.o
                0x0000000008002080                RTC_Alarm_IRQHandler
                0x0000000008002080                HASH_RNG_IRQHandler
                0x0000000008002080                EXTI2_IRQHandler
                0x0000000008002080                TIM8_CC_IRQHandler
                0x0000000008002080                TIM1_CC_IRQHandler
                0x0000000008002080                DMA2_Stream5_IRQHandler
                0x0000000008002080                DMA1_Stream5_IRQHandler
                0x0000000008002080                PVD_IRQHandler
                0x0000000008002080                SDIO_IRQHandler
                0x0000000008002080                TAMP_STAMP_IRQHandler
                0x0000000008002080                CAN2_RX1_IRQHandler
                0x0000000008002080                EXTI3_IRQHandler
                0x0000000008002080                TIM8_TRG_COM_TIM14_IRQHandler
                0x0000000008002080                TIM1_UP_TIM10_IRQHandler
                0x0000000008002080                TIM8_UP_TIM13_IRQHandler
                0x0000000008002080                I2C3_ER_IRQHandler
                0x0000000008002080                EXTI0_IRQHandler
                0x0000000008002080                I2C2_EV_IRQHandler
                0x0000000008002080                DMA1_Stream2_IRQHandler
                0x0000000008002080                CAN1_RX0_IRQHandler
                0x0000000008002080                FPU_IRQHandler
                0x0000000008002080                OTG_HS_WKUP_IRQHandler
                0x0000000008002080                CAN2_SCE_IRQHandler
                0x0000000008002080                DMA2_Stream2_IRQHandler
                0x0000000008002080                SPI1_IRQHandler
                0x0000000008002080                TIM6_DAC_IRQHandler
                0x0000000008002080                TIM1_BRK_TIM9_IRQHandler
                0x0000000008002080                DCMI_IRQHandler
                0x0000000008002080                CAN2_RX0_IRQHandler
                0x0000000008002080                DMA2_Stream3_IRQHandler
                0x0000000008002080                USART6_IRQHandler
                0x0000000008002080                USART3_IRQHandler
                0x0000000008002080                CAN1_RX1_IRQHandler
                0x0000000008002080                UART5_IRQHandler
                0x0000000008002080                DMA2_Stream0_IRQHandler
                0x0000000008002080                TIM4_IRQHandler
                0x0000000008002080                I2C1_EV_IRQHandler
                0x0000000008002080                DMA1_Stream6_IRQHandler
                0x0000000008002080                DMA1_Stream1_IRQHandler
                0x0000000008002080                UART4_IRQHandler
                0x0000000008002080                TIM3_IRQHandler
                0x0000000008002080                RCC_IRQHandler
                0x0000000008002080                TIM8_BRK_TIM12_IRQHandler
                0x0000000008002080                Default_Handler
                0x0000000008002080                EXTI15_10_IRQHandler
                0x0000000008002080                ADC_IRQHandler
                0x0000000008002080                DMA1_Stream7_IRQHandler
                0x0000000008002080                TIM7_IRQHandler
                0x0000000008002080                CAN2_TX_IRQHandler
                0x0000000008002080                TIM5_IRQHandler
                0x0000000008002080                DMA2_Stream7_IRQHandler
                0x0000000008002080                I2C3_EV_IRQHandler
                0x0000000008002080                EXTI9_5_IRQHandler
                0x0000000008002080                RTC_WKUP_IRQHandler
                0x0000000008002080                ETH_WKUP_IRQHandler
                0x0000000008002080                SPI2_IRQHandler
                0x0000000008002080                OTG_HS_EP1_IN_IRQHandler
                0x0000000008002080                DMA1_Stream0_IRQHandler
                0x0000000008002080                CAN1_TX_IRQHandler
                0x0000000008002080                EXTI4_IRQHandler
                0x0000000008002080                FSMC_IRQHandler
                0x0000000008002080                ETH_IRQHandler
                0x0000000008002080                OTG_HS_EP1_OUT_IRQHandler
                0x0000000008002080                WWDG_IRQHandler
                0x0000000008002080                TIM2_IRQHandler
                0x0000000008002080                OTG_FS_WKUP_IRQHandler
                0x0000000008002080                TIM1_TRG_COM_TIM11_IRQHandler
                0x0000000008002080                OTG_HS_IRQHandler
                0x0000000008002080                EXTI1_IRQHandler
                0x0000000008002080                I2C2_ER_IRQHandler
                0x0000000008002080                DMA2_Stream1_IRQHandler
                0x0000000008002080                CAN1_SCE_IRQHandler
                0x0000000008002080                FLASH_IRQHandler
                0x0000000008002080                DMA2_Stream4_IRQHandler
                0x0000000008002080                USART1_IRQHandler
                0x0000000008002080                OTG_FS_IRQHandler
                0x0000000008002080                SPI3_IRQHandler
                0x0000000008002080                DMA1_Stream4_IRQHandler
                0x0000000008002080                I2C1_ER_IRQHandler
                0x0000000008002080                DMA2_Stream6_IRQHandler
                0x0000000008002080                DMA1_Stream3_IRQHandler
 *fill*         0x0000000008002082        0x2 
 .text.HAL_Init
                0x0000000008002084       0x44 Drivers/STM32F4xx_HAL_Driver/Src/stm32f4xx_hal.o
                0x0000000008002084                HAL_Init
 .text.HAL_InitTick
                0x00000000080020c8       0x60 Drivers/STM32F4xx_HAL_Driver/Src/stm32f4xx_hal.o
                0x00000000080020c8                HAL_InitTick
 .text.HAL_IncTick
                0x0000000008002128       0x28 Drivers/STM32F4xx_HAL_Driver/Src/stm32f4xx_hal.o
                0x0000000008002128                HAL_IncTick
 .text.HAL_GetTick
                0x0000000008002150       0x18 Drivers/STM32F4xx_HAL_Driver/Src/stm32f4xx_hal.o
                0x0000000008002150                HAL_GetTick
 .text.HAL_Delay
                0x0000000008002168       0x48 Drivers/STM32F4xx_HAL_Driver/Src/stm32f4xx_hal.o
                0x0000000008002168                HAL_Delay
 .text.__NVIC_SetPriorityGrouping
                0x00000000080021b0       0x48 Drivers/STM32F4xx_HAL_Driver/Src/stm32f4xx_hal_cortex.o
 .text.__NVIC_GetPriorityGrouping
                0x00000000080021f8       0x1c Drivers/STM32F4xx_HAL_Driver/Src/stm32f4xx_hal_cortex.o
 .text.__NVIC_EnableIRQ
                0x0000000008002214       0x3c Drivers/STM32F4xx_HAL_Driver/Src/stm32f4xx_hal_cortex.o
 .text.__NVIC_SetPriority
                0x0000000008002250       0x54 Drivers/STM32F4xx_HAL_Driver/Src/stm32f4xx_hal_cortex.o
 .text.NVIC_EncodePriority
                0x00000000080022a4       0x66 Drivers/STM32F4xx_HAL_Driver/Src/stm32f4xx_hal_cortex.o
 *fill*         0x000000000800230a        0x2 
 .text.SysTick_Config
                0x000000000800230c       0x44 Drivers/STM32F4xx_HAL_Driver/Src/stm32f4xx_hal_cortex.o
 .text.HAL_NVIC_SetPriorityGrouping
                0x0000000008002350       0x16 Drivers/STM32F4xx_HAL_Driver/Src/stm32f4xx_hal_cortex.o
                0x0000000008002350                HAL_NVIC_SetPriorityGrouping
 .text.HAL_NVIC_SetPriority
                0x0000000008002366       0x38 Drivers/STM32F4xx_HAL_Driver/Src/stm32f4xx_hal_cortex.o
                0x0000000008002366                HAL_NVIC_SetPriority
 .text.HAL_NVIC_EnableIRQ
                0x000000000800239e       0x1c Drivers/STM32F4xx_HAL_Driver/Src/stm32f4xx_hal_cortex.o
                0x000000000800239e                HAL_NVIC_EnableIRQ
 .text.HAL_SYSTICK_Config
                0x00000000080023ba       0x18 Drivers/STM32F4xx_HAL_Driver/Src/stm32f4xx_hal_cortex.o
                0x00000000080023ba                HAL_SYSTICK_Config
 .text.HAL_DMA_Abort
                0x00000000080023d2       0xe0 Drivers/STM32F4xx_HAL_Driver/Src/stm32f4xx_hal_dma.o
                0x00000000080023d2                HAL_DMA_Abort
 .text.HAL_DMA_Abort_IT
                0x00000000080024b2       0x44 Drivers/STM32F4xx_HAL_Driver/Src/stm32f4xx_hal_dma.o
                0x00000000080024b2                HAL_DMA_Abort_IT
 *fill*         0x00000000080024f6        0x2 
 .text.HAL_GPIO_Init
                0x00000000080024f8      0x338 Drivers/STM32F4xx_HAL_Driver/Src/stm32f4xx_hal_gpio.o
                0x00000000080024f8                HAL_GPIO_Init
 .text.HAL_GPIO_ReadPin
                0x0000000008002830       0x30 Drivers/STM32F4xx_HAL_Driver/Src/stm32f4xx_hal_gpio.o
                0x0000000008002830                HAL_GPIO_ReadPin
 .text.HAL_GPIO_WritePin
                0x0000000008002860       0x32 Drivers/STM32F4xx_HAL_Driver/Src/stm32f4xx_hal_gpio.o
                0x0000000008002860                HAL_GPIO_WritePin
 .text.HAL_GPIO_TogglePin
                0x0000000008002892       0x34 Drivers/STM32F4xx_HAL_Driver/Src/stm32f4xx_hal_gpio.o
                0x0000000008002892                HAL_GPIO_TogglePin
 *fill*         0x00000000080028c6        0x2 
 .text.HAL_I2C_Init
                0x00000000080028c8      0x288 Drivers/STM32F4xx_HAL_Driver/Src/stm32f4xx_hal_i2c.o
                0x00000000080028c8                HAL_I2C_Init
 .text.HAL_RCC_OscConfig
                0x0000000008002b50      0x4f0 Drivers/STM32F4xx_HAL_Driver/Src/stm32f4xx_hal_rcc.o
                0x0000000008002b50                HAL_RCC_OscConfig
 .text.HAL_RCC_ClockConfig
                0x0000000008003040      0x1cc Drivers/STM32F4xx_HAL_Driver/Src/stm32f4xx_hal_rcc.o
                0x0000000008003040                HAL_RCC_ClockConfig
 .text.HAL_RCC_GetSysClockFreq
                0x000000000800320c      0x1c4 Drivers/STM32F4xx_HAL_Driver/Src/stm32f4xx_hal_rcc.o
                0x000000000800320c                HAL_RCC_GetSysClockFreq
 .text.HAL_RCC_GetHCLKFreq
                0x00000000080033d0       0x18 Drivers/STM32F4xx_HAL_Driver/Src/stm32f4xx_hal_rcc.o
                0x00000000080033d0                HAL_RCC_GetHCLKFreq
 .text.HAL_RCC_GetPCLK1Freq
                0x00000000080033e8       0x28 Drivers/STM32F4xx_HAL_Driver/Src/stm32f4xx_hal_rcc.o
                0x00000000080033e8                HAL_RCC_GetPCLK1Freq
 .text.HAL_RCC_GetPCLK2Freq
                0x0000000008003410       0x28 Drivers/STM32F4xx_HAL_Driver/Src/stm32f4xx_hal_rcc.o
                0x0000000008003410                HAL_RCC_GetPCLK2Freq
 .text.HAL_TIM_Base_Init
                0x0000000008003438       0x9e Drivers/STM32F4xx_HAL_Driver/Src/stm32f4xx_hal_tim.o
                0x0000000008003438                HAL_TIM_Base_Init
 *fill*         0x00000000080034d6        0x2 
 .text.HAL_TIM_Base_Start
                0x00000000080034d8       0xd0 Drivers/STM32F4xx_HAL_Driver/Src/stm32f4xx_hal_tim.o
                0x00000000080034d8                HAL_TIM_Base_Start
 .text.HAL_TIM_PWM_Init
                0x00000000080035a8       0x9e Drivers/STM32F4xx_HAL_Driver/Src/stm32f4xx_hal_tim.o
                0x00000000080035a8                HAL_TIM_PWM_Init
 *fill*         0x0000000008003646        0x2 
 .text.HAL_TIM_PWM_Start
                0x0000000008003648      0x190 Drivers/STM32F4xx_HAL_Driver/Src/stm32f4xx_hal_tim.o
                0x0000000008003648                HAL_TIM_PWM_Start
 .text.HAL_TIM_PWM_ConfigChannel
                0x00000000080037d8      0x17c Drivers/STM32F4xx_HAL_Driver/Src/stm32f4xx_hal_tim.o
                0x00000000080037d8                HAL_TIM_PWM_ConfigChannel
 .text.HAL_TIM_ConfigClockSource
                0x0000000008003954      0x188 Drivers/STM32F4xx_HAL_Driver/Src/stm32f4xx_hal_tim.o
                0x0000000008003954                HAL_TIM_ConfigClockSource
 .text.TIM_Base_SetConfig
                0x0000000008003adc      0x140 Drivers/STM32F4xx_HAL_Driver/Src/stm32f4xx_hal_tim.o
                0x0000000008003adc                TIM_Base_SetConfig
 .text.TIM_OC1_SetConfig
                0x0000000008003c1c       0xe0 Drivers/STM32F4xx_HAL_Driver/Src/stm32f4xx_hal_tim.o
 .text.TIM_OC2_SetConfig
                0x0000000008003cfc       0xec Drivers/STM32F4xx_HAL_Driver/Src/stm32f4xx_hal_tim.o
                0x0000000008003cfc                TIM_OC2_SetConfig
 .text.TIM_OC3_SetConfig
                0x0000000008003de8       0xe8 Drivers/STM32F4xx_HAL_Driver/Src/stm32f4xx_hal_tim.o
 .text.TIM_OC4_SetConfig
                0x0000000008003ed0       0xac Drivers/STM32F4xx_HAL_Driver/Src/stm32f4xx_hal_tim.o
 .text.TIM_TI1_ConfigInputStage
                0x0000000008003f7c       0x5e Drivers/STM32F4xx_HAL_Driver/Src/stm32f4xx_hal_tim.o
 .text.TIM_TI2_ConfigInputStage
                0x0000000008003fda       0x60 Drivers/STM32F4xx_HAL_Driver/Src/stm32f4xx_hal_tim.o
 .text.TIM_ITRx_SetConfig
                0x000000000800403a       0x36 Drivers/STM32F4xx_HAL_Driver/Src/stm32f4xx_hal_tim.o
 .text.TIM_ETR_SetConfig
                0x0000000008004070       0x40 Drivers/STM32F4xx_HAL_Driver/Src/stm32f4xx_hal_tim.o
                0x0000000008004070                TIM_ETR_SetConfig
 .text.TIM_CCxChannelCmd
                0x00000000080040b0       0x4a Drivers/STM32F4xx_HAL_Driver/Src/stm32f4xx_hal_tim.o
                0x00000000080040b0                TIM_CCxChannelCmd
 *fill*         0x00000000080040fa        0x2 
 .text.HAL_TIMEx_MasterConfigSynchronization
                0x00000000080040fc       0xf8 Drivers/STM32F4xx_HAL_Driver/Src/stm32f4xx_hal_tim_ex.o
                0x00000000080040fc                HAL_TIMEx_MasterConfigSynchronization
 .text.HAL_UART_Init
                0x00000000080041f4       0x9a Drivers/STM32F4xx_HAL_Driver/Src/stm32f4xx_hal_uart.o
                0x00000000080041f4                HAL_UART_Init
 *fill*         0x000000000800428e        0x2 
 .text.HAL_UART_IRQHandler
                0x0000000008004290      0x358 Drivers/STM32F4xx_HAL_Driver/Src/stm32f4xx_hal_uart.o
                0x0000000008004290                HAL_UART_IRQHandler
 .text.HAL_UART_TxCpltCallback
                0x00000000080045e8       0x14 Drivers/STM32F4xx_HAL_Driver/Src/stm32f4xx_hal_uart.o
                0x00000000080045e8                HAL_UART_TxCpltCallback
 .text.HAL_UART_RxCpltCallback
                0x00000000080045fc       0x14 Drivers/STM32F4xx_HAL_Driver/Src/stm32f4xx_hal_uart.o
                0x00000000080045fc                HAL_UART_RxCpltCallback
 .text.HAL_UART_ErrorCallback
                0x0000000008004610       0x14 Drivers/STM32F4xx_HAL_Driver/Src/stm32f4xx_hal_uart.o
                0x0000000008004610                HAL_UART_ErrorCallback
 .text.HAL_UARTEx_RxEventCallback
                0x0000000008004624       0x18 Drivers/STM32F4xx_HAL_Driver/Src/stm32f4xx_hal_uart.o
                0x0000000008004624                HAL_UARTEx_RxEventCallback
 .text.UART_EndRxTransfer
                0x000000000800463c       0x5a Drivers/STM32F4xx_HAL_Driver/Src/stm32f4xx_hal_uart.o
 .text.UART_DMAAbortOnError
                0x0000000008004696       0x28 Drivers/STM32F4xx_HAL_Driver/Src/stm32f4xx_hal_uart.o
 .text.UART_Transmit_IT
                0x00000000080046be       0xa0 Drivers/STM32F4xx_HAL_Driver/Src/stm32f4xx_hal_uart.o
 .text.UART_EndTransmit_IT
                0x000000000800475e       0x30 Drivers/STM32F4xx_HAL_Driver/Src/stm32f4xx_hal_uart.o
 .text.UART_Receive_IT
                0x000000000800478e      0x12e Drivers/STM32F4xx_HAL_Driver/Src/stm32f4xx_hal_uart.o
 .text.UART_SetConfig
                0x00000000080048bc      0x390 Drivers/STM32F4xx_HAL_Driver/Src/stm32f4xx_hal_uart.o
 .text.__errno  0x0000000008004c4c        0xc c:/st/stm32cubeide_1.6.1/stm32cubeide/plugins/com.st.stm32cube.ide.mcu.externaltools.gnu-tools-for-stm32.9-2020-q2-update.win32_1.5.0.202011040924/tools/bin/../lib/gcc/arm-none-eabi/9.3.1/../../../../arm-none-eabi/lib/thumb/v7e-m+fp/hard\libc_nano.a(lib_a-errno.o)
                0x0000000008004c4c                __errno
 .text.__libc_init_array
                0x0000000008004c58       0x48 c:/st/stm32cubeide_1.6.1/stm32cubeide/plugins/com.st.stm32cube.ide.mcu.externaltools.gnu-tools-for-stm32.9-2020-q2-update.win32_1.5.0.202011040924/tools/bin/../lib/gcc/arm-none-eabi/9.3.1/../../../../arm-none-eabi/lib/thumb/v7e-m+fp/hard\libc_nano.a(lib_a-init.o)
                0x0000000008004c58                __libc_init_array
 .text.memset   0x0000000008004ca0       0x10 c:/st/stm32cubeide_1.6.1/stm32cubeide/plugins/com.st.stm32cube.ide.mcu.externaltools.gnu-tools-for-stm32.9-2020-q2-update.win32_1.5.0.202011040924/tools/bin/../lib/gcc/arm-none-eabi/9.3.1/../../../../arm-none-eabi/lib/thumb/v7e-m+fp/hard\libc_nano.a(lib_a-memset.o)
                0x0000000008004ca0                memset
 .text.sprintf  0x0000000008004cb0       0x40 c:/st/stm32cubeide_1.6.1/stm32cubeide/plugins/com.st.stm32cube.ide.mcu.externaltools.gnu-tools-for-stm32.9-2020-q2-update.win32_1.5.0.202011040924/tools/bin/../lib/gcc/arm-none-eabi/9.3.1/../../../../arm-none-eabi/lib/thumb/v7e-m+fp/hard\libc_nano.a(lib_a-sprintf.o)
                0x0000000008004cb0                siprintf
                0x0000000008004cb0                sprintf
 .text.strcat   0x0000000008004cf0       0x1e c:/st/stm32cubeide_1.6.1/stm32cubeide/plugins/com.st.stm32cube.ide.mcu.externaltools.gnu-tools-for-stm32.9-2020-q2-update.win32_1.5.0.202011040924/tools/bin/../lib/gcc/arm-none-eabi/9.3.1/../../../../arm-none-eabi/lib/thumb/v7e-m+fp/hard\libc_nano.a(lib_a-strcat.o)
                0x0000000008004cf0                strcat
 .text.__ssputs_r
                0x0000000008004d0e       0xb6 c:/st/stm32cubeide_1.6.1/stm32cubeide/plugins/com.st.stm32cube.ide.mcu.externaltools.gnu-tools-for-stm32.9-2020-q2-update.win32_1.5.0.202011040924/tools/bin/../lib/gcc/arm-none-eabi/9.3.1/../../../../arm-none-eabi/lib/thumb/v7e-m+fp/hard\libc_nano.a(lib_a-nano-svfprintf.o)
                0x0000000008004d0e                __ssputs_r
 .text._svfprintf_r
                0x0000000008004dc4      0x200 c:/st/stm32cubeide_1.6.1/stm32cubeide/plugins/com.st.stm32cube.ide.mcu.externaltools.gnu-tools-for-stm32.9-2020-q2-update.win32_1.5.0.202011040924/tools/bin/../lib/gcc/arm-none-eabi/9.3.1/../../../../arm-none-eabi/lib/thumb/v7e-m+fp/hard\libc_nano.a(lib_a-nano-svfprintf.o)
                0x0000000008004dc4                _svfiprintf_r
                0x0000000008004dc4                _svfprintf_r
 .text._printf_common
                0x0000000008004fc4       0xda c:/st/stm32cubeide_1.6.1/stm32cubeide/plugins/com.st.stm32cube.ide.mcu.externaltools.gnu-tools-for-stm32.9-2020-q2-update.win32_1.5.0.202011040924/tools/bin/../lib/gcc/arm-none-eabi/9.3.1/../../../../arm-none-eabi/lib/thumb/v7e-m+fp/hard\libc_nano.a(lib_a-nano-vfprintf_i.o)
                0x0000000008004fc4                _printf_common
 *fill*         0x000000000800509e        0x2 
 .text._printf_i
                0x00000000080050a0      0x24c c:/st/stm32cubeide_1.6.1/stm32cubeide/plugins/com.st.stm32cube.ide.mcu.externaltools.gnu-tools-for-stm32.9-2020-q2-update.win32_1.5.0.202011040924/tools/bin/../lib/gcc/arm-none-eabi/9.3.1/../../../../arm-none-eabi/lib/thumb/v7e-m+fp/hard\libc_nano.a(lib_a-nano-vfprintf_i.o)
                0x00000000080050a0                _printf_i
 .text.memcpy   0x00000000080052ec       0x1c c:/st/stm32cubeide_1.6.1/stm32cubeide/plugins/com.st.stm32cube.ide.mcu.externaltools.gnu-tools-for-stm32.9-2020-q2-update.win32_1.5.0.202011040924/tools/bin/../lib/gcc/arm-none-eabi/9.3.1/../../../../arm-none-eabi/lib/thumb/v7e-m+fp/hard\libc_nano.a(lib_a-memcpy-stub.o)
                0x00000000080052ec                memcpy
 .text.memmove  0x0000000008005308       0x34 c:/st/stm32cubeide_1.6.1/stm32cubeide/plugins/com.st.stm32cube.ide.mcu.externaltools.gnu-tools-for-stm32.9-2020-q2-update.win32_1.5.0.202011040924/tools/bin/../lib/gcc/arm-none-eabi/9.3.1/../../../../arm-none-eabi/lib/thumb/v7e-m+fp/hard\libc_nano.a(lib_a-memmove.o)
                0x0000000008005308                memmove
 .text._free_r  0x000000000800533c       0xa0 c:/st/stm32cubeide_1.6.1/stm32cubeide/plugins/com.st.stm32cube.ide.mcu.externaltools.gnu-tools-for-stm32.9-2020-q2-update.win32_1.5.0.202011040924/tools/bin/../lib/gcc/arm-none-eabi/9.3.1/../../../../arm-none-eabi/lib/thumb/v7e-m+fp/hard\libc_nano.a(lib_a-nano-freer.o)
                0x000000000800533c                _free_r
 .text._malloc_r
                0x00000000080053dc       0xb4 c:/st/stm32cubeide_1.6.1/stm32cubeide/plugins/com.st.stm32cube.ide.mcu.externaltools.gnu-tools-for-stm32.9-2020-q2-update.win32_1.5.0.202011040924/tools/bin/../lib/gcc/arm-none-eabi/9.3.1/../../../../arm-none-eabi/lib/thumb/v7e-m+fp/hard\libc_nano.a(lib_a-nano-mallocr.o)
                0x00000000080053dc                _malloc_r
 .text._realloc_r
                0x0000000008005490       0x4c c:/st/stm32cubeide_1.6.1/stm32cubeide/plugins/com.st.stm32cube.ide.mcu.externaltools.gnu-tools-for-stm32.9-2020-q2-update.win32_1.5.0.202011040924/tools/bin/../lib/gcc/arm-none-eabi/9.3.1/../../../../arm-none-eabi/lib/thumb/v7e-m+fp/hard\libc_nano.a(lib_a-nano-reallocr.o)
                0x0000000008005490                _realloc_r
 .text._sbrk_r  0x00000000080054dc       0x20 c:/st/stm32cubeide_1.6.1/stm32cubeide/plugins/com.st.stm32cube.ide.mcu.externaltools.gnu-tools-for-stm32.9-2020-q2-update.win32_1.5.0.202011040924/tools/bin/../lib/gcc/arm-none-eabi/9.3.1/../../../../arm-none-eabi/lib/thumb/v7e-m+fp/hard\libc_nano.a(lib_a-sbrkr.o)
                0x00000000080054dc                _sbrk_r
 .text.__malloc_lock
                0x00000000080054fc        0xc c:/st/stm32cubeide_1.6.1/stm32cubeide/plugins/com.st.stm32cube.ide.mcu.externaltools.gnu-tools-for-stm32.9-2020-q2-update.win32_1.5.0.202011040924/tools/bin/../lib/gcc/arm-none-eabi/9.3.1/../../../../arm-none-eabi/lib/thumb/v7e-m+fp/hard\libc_nano.a(lib_a-mlock.o)
                0x00000000080054fc                __malloc_lock
 .text.__malloc_unlock
                0x0000000008005508        0xc c:/st/stm32cubeide_1.6.1/stm32cubeide/plugins/com.st.stm32cube.ide.mcu.externaltools.gnu-tools-for-stm32.9-2020-q2-update.win32_1.5.0.202011040924/tools/bin/../lib/gcc/arm-none-eabi/9.3.1/../../../../arm-none-eabi/lib/thumb/v7e-m+fp/hard\libc_nano.a(lib_a-mlock.o)
                0x0000000008005508                __malloc_unlock
 .text._malloc_usable_size_r
                0x0000000008005514       0x10 c:/st/stm32cubeide_1.6.1/stm32cubeide/plugins/com.st.stm32cube.ide.mcu.externaltools.gnu-tools-for-stm32.9-2020-q2-update.win32_1.5.0.202011040924/tools/bin/../lib/gcc/arm-none-eabi/9.3.1/../../../../arm-none-eabi/lib/thumb/v7e-m+fp/hard\libc_nano.a(lib_a-nano-msizer.o)
                0x0000000008005514                _malloc_usable_size_r
 .text.__retarget_lock_acquire_recursive
                0x0000000008005524        0x2 c:/st/stm32cubeide_1.6.1/stm32cubeide/plugins/com.st.stm32cube.ide.mcu.externaltools.gnu-tools-for-stm32.9-2020-q2-update.win32_1.5.0.202011040924/tools/bin/../lib/gcc/arm-none-eabi/9.3.1/../../../../arm-none-eabi/lib/thumb/v7e-m+fp/hard\libc_nano.a(lib_a-lock.o)
                0x0000000008005524                __retarget_lock_acquire_recursive
 .text.__retarget_lock_release_recursive
                0x0000000008005526        0x2 c:/st/stm32cubeide_1.6.1/stm32cubeide/plugins/com.st.stm32cube.ide.mcu.externaltools.gnu-tools-for-stm32.9-2020-q2-update.win32_1.5.0.202011040924/tools/bin/../lib/gcc/arm-none-eabi/9.3.1/../../../../arm-none-eabi/lib/thumb/v7e-m+fp/hard\libc_nano.a(lib_a-lock.o)
                0x0000000008005526                __retarget_lock_release_recursive
 *(.glue_7)
 .glue_7        0x0000000008005528        0x0 linker stubs
 *(.glue_7t)
 .glue_7t       0x0000000008005528        0x0 linker stubs
 *(.eh_frame)
 .eh_frame      0x0000000008005528        0x0 c:/st/stm32cubeide_1.6.1/stm32cubeide/plugins/com.st.stm32cube.ide.mcu.externaltools.gnu-tools-for-stm32.9-2020-q2-update.win32_1.5.0.202011040924/tools/bin/../lib/gcc/arm-none-eabi/9.3.1/thumb/v7e-m+fp/hard/crtbegin.o
 *(.init)
 .init          0x0000000008005528        0x4 c:/st/stm32cubeide_1.6.1/stm32cubeide/plugins/com.st.stm32cube.ide.mcu.externaltools.gnu-tools-for-stm32.9-2020-q2-update.win32_1.5.0.202011040924/tools/bin/../lib/gcc/arm-none-eabi/9.3.1/thumb/v7e-m+fp/hard/crti.o
                0x0000000008005528                _init
 .init          0x000000000800552c        0x8 c:/st/stm32cubeide_1.6.1/stm32cubeide/plugins/com.st.stm32cube.ide.mcu.externaltools.gnu-tools-for-stm32.9-2020-q2-update.win32_1.5.0.202011040924/tools/bin/../lib/gcc/arm-none-eabi/9.3.1/thumb/v7e-m+fp/hard/crtn.o
 *(.fini)
 .fini          0x0000000008005534        0x4 c:/st/stm32cubeide_1.6.1/stm32cubeide/plugins/com.st.stm32cube.ide.mcu.externaltools.gnu-tools-for-stm32.9-2020-q2-update.win32_1.5.0.202011040924/tools/bin/../lib/gcc/arm-none-eabi/9.3.1/thumb/v7e-m+fp/hard/crti.o
                0x0000000008005534                _fini
 .fini          0x0000000008005538        0x8 c:/st/stm32cubeide_1.6.1/stm32cubeide/plugins/com.st.stm32cube.ide.mcu.externaltools.gnu-tools-for-stm32.9-2020-q2-update.win32_1.5.0.202011040924/tools/bin/../lib/gcc/arm-none-eabi/9.3.1/thumb/v7e-m+fp/hard/crtn.o
                0x0000000008005540                . = ALIGN (0x4)
                0x0000000008005540                _etext = .

.vfp11_veneer   0x0000000008005540        0x0
 .vfp11_veneer  0x0000000008005540        0x0 linker stubs

.v4_bx          0x0000000008005540        0x0
 .v4_bx         0x0000000008005540        0x0 linker stubs

.iplt           0x0000000008005540        0x0
 .iplt          0x0000000008005540        0x0 c:/st/stm32cubeide_1.6.1/stm32cubeide/plugins/com.st.stm32cube.ide.mcu.externaltools.gnu-tools-for-stm32.9-2020-q2-update.win32_1.5.0.202011040924/tools/bin/../lib/gcc/arm-none-eabi/9.3.1/thumb/v7e-m+fp/hard/crtbegin.o

.rodata         0x0000000008005540      0x198
                0x0000000008005540                . = ALIGN (0x4)
 *(.rodata)
 .rodata        0x0000000008005540       0xff Core/Src/ESPDataLogger.o
 *fill*         0x000000000800563f        0x1 
 .rodata        0x0000000008005640       0x49 Core/Src/main.o
 *(.rodata*)
 *fill*         0x0000000008005689        0x3 
 .rodata.AHBPrescTable
                0x000000000800568c       0x10 Core/Src/system_stm32f4xx.o
                0x000000000800568c                AHBPrescTable
 .rodata.APBPrescTable
                0x000000000800569c        0x8 Core/Src/system_stm32f4xx.o
                0x000000000800569c                APBPrescTable
 .rodata._svfprintf_r.str1.1
                0x00000000080056a4       0x11 c:/st/stm32cubeide_1.6.1/stm32cubeide/plugins/com.st.stm32cube.ide.mcu.externaltools.gnu-tools-for-stm32.9-2020-q2-update.win32_1.5.0.202011040924/tools/bin/../lib/gcc/arm-none-eabi/9.3.1/../../../../arm-none-eabi/lib/thumb/v7e-m+fp/hard\libc_nano.a(lib_a-nano-svfprintf.o)
 .rodata._printf_i.str1.1
                0x00000000080056b5       0x22 c:/st/stm32cubeide_1.6.1/stm32cubeide/plugins/com.st.stm32cube.ide.mcu.externaltools.gnu-tools-for-stm32.9-2020-q2-update.win32_1.5.0.202011040924/tools/bin/../lib/gcc/arm-none-eabi/9.3.1/../../../../arm-none-eabi/lib/thumb/v7e-m+fp/hard\libc_nano.a(lib_a-nano-vfprintf_i.o)
                0x00000000080056d8                . = ALIGN (0x4)
 *fill*         0x00000000080056d7        0x1 

.ARM.extab      0x00000000080056d8        0x0
                0x00000000080056d8                . = ALIGN (0x4)
 *(.ARM.extab* .gnu.linkonce.armextab.*)
                0x00000000080056d8                . = ALIGN (0x4)

.ARM            0x00000000080056d8        0x8
                0x00000000080056d8                . = ALIGN (0x4)
                0x00000000080056d8                __exidx_start = .
 *(.ARM.exidx*)
 .ARM.exidx     0x00000000080056d8        0x8 c:/st/stm32cubeide_1.6.1/stm32cubeide/plugins/com.st.stm32cube.ide.mcu.externaltools.gnu-tools-for-stm32.9-2020-q2-update.win32_1.5.0.202011040924/tools/bin/../lib/gcc/arm-none-eabi/9.3.1/thumb/v7e-m+fp/hard\libgcc.a(_udivmoddi4.o)
                0x00000000080056e0                __exidx_end = .
                0x00000000080056e0                . = ALIGN (0x4)

.rel.dyn        0x00000000080056e0        0x0
 .rel.iplt      0x00000000080056e0        0x0 c:/st/stm32cubeide_1.6.1/stm32cubeide/plugins/com.st.stm32cube.ide.mcu.externaltools.gnu-tools-for-stm32.9-2020-q2-update.win32_1.5.0.202011040924/tools/bin/../lib/gcc/arm-none-eabi/9.3.1/thumb/v7e-m+fp/hard/crtbegin.o

.preinit_array  0x00000000080056e0        0x0
                0x00000000080056e0                . = ALIGN (0x4)
                0x00000000080056e0                PROVIDE (__preinit_array_start = .)
 *(.preinit_array*)
                0x00000000080056e0                PROVIDE (__preinit_array_end = .)
                0x00000000080056e0                . = ALIGN (0x4)

.init_array     0x00000000080056e0        0x4
                0x00000000080056e0                . = ALIGN (0x4)
                0x00000000080056e0                PROVIDE (__init_array_start = .)
 *(SORT_BY_NAME(.init_array.*))
 *(.init_array*)
 .init_array    0x00000000080056e0        0x4 c:/st/stm32cubeide_1.6.1/stm32cubeide/plugins/com.st.stm32cube.ide.mcu.externaltools.gnu-tools-for-stm32.9-2020-q2-update.win32_1.5.0.202011040924/tools/bin/../lib/gcc/arm-none-eabi/9.3.1/thumb/v7e-m+fp/hard/crtbegin.o
                0x00000000080056e4                PROVIDE (__init_array_end = .)
                0x00000000080056e4                . = ALIGN (0x4)

.fini_array     0x00000000080056e4        0x4
                0x00000000080056e4                . = ALIGN (0x4)
                [!provide]                        PROVIDE (__fini_array_start = .)
 *(SORT_BY_NAME(.fini_array.*))
 *(.fini_array*)
 .fini_array    0x00000000080056e4        0x4 c:/st/stm32cubeide_1.6.1/stm32cubeide/plugins/com.st.stm32cube.ide.mcu.externaltools.gnu-tools-for-stm32.9-2020-q2-update.win32_1.5.0.202011040924/tools/bin/../lib/gcc/arm-none-eabi/9.3.1/thumb/v7e-m+fp/hard/crtbegin.o
                [!provide]                        PROVIDE (__fini_array_end = .)
                0x00000000080056e8                . = ALIGN (0x4)
                0x00000000080056e8                _sidata = LOADADDR (.data)

.data           0x0000000020000000       0x78 load address 0x00000000080056e8
                0x0000000020000000                . = ALIGN (0x4)
                0x0000000020000000                _sdata = .
 *(.data)
 *(.data*)
 .data.urun1    0x0000000020000000        0x2 Core/Src/main.o
                0x0000000020000000                urun1
 .data.urun2    0x0000000020000002        0x2 Core/Src/main.o
                0x0000000020000002                urun2
 .data.urun3    0x0000000020000004        0x2 Core/Src/main.o
                0x0000000020000004                urun3
 .data.urun4    0x0000000020000006        0x2 Core/Src/main.o
                0x0000000020000006                urun4
 .data.SystemCoreClock
                0x0000000020000008        0x4 Core/Src/system_stm32f4xx.o
                0x0000000020000008                SystemCoreClock
 .data.uwTickPrio
                0x000000002000000c        0x4 Drivers/STM32F4xx_HAL_Driver/Src/stm32f4xx_hal.o
                0x000000002000000c                uwTickPrio
 .data.uwTickFreq
                0x0000000020000010        0x1 Drivers/STM32F4xx_HAL_Driver/Src/stm32f4xx_hal.o
                0x0000000020000010                uwTickFreq
 *fill*         0x0000000020000011        0x3 
 .data._impure_ptr
                0x0000000020000014        0x4 c:/st/stm32cubeide_1.6.1/stm32cubeide/plugins/com.st.stm32cube.ide.mcu.externaltools.gnu-tools-for-stm32.9-2020-q2-update.win32_1.5.0.202011040924/tools/bin/../lib/gcc/arm-none-eabi/9.3.1/../../../../arm-none-eabi/lib/thumb/v7e-m+fp/hard\libc_nano.a(lib_a-impure.o)
                0x0000000020000014                _impure_ptr
 .data.impure_data
                0x0000000020000018       0x60 c:/st/stm32cubeide_1.6.1/stm32cubeide/plugins/com.st.stm32cube.ide.mcu.externaltools.gnu-tools-for-stm32.9-2020-q2-update.win32_1.5.0.202011040924/tools/bin/../lib/gcc/arm-none-eabi/9.3.1/../../../../arm-none-eabi/lib/thumb/v7e-m+fp/hard\libc_nano.a(lib_a-impure.o)
 *(.RamFunc)
 *(.RamFunc*)
                0x0000000020000078                . = ALIGN (0x4)
                0x0000000020000078                _edata = .

.igot.plt       0x0000000020000078        0x0 load address 0x0000000008005760
 .igot.plt      0x0000000020000078        0x0 c:/st/stm32cubeide_1.6.1/stm32cubeide/plugins/com.st.stm32cube.ide.mcu.externaltools.gnu-tools-for-stm32.9-2020-q2-update.win32_1.5.0.202011040924/tools/bin/../lib/gcc/arm-none-eabi/9.3.1/thumb/v7e-m+fp/hard/crtbegin.o
                0x0000000020000078                . = ALIGN (0x4)

.bss            0x0000000020000078      0x2b0 load address 0x0000000008005760
                0x0000000020000078                _sbss = .
                0x0000000020000078                __bss_start__ = _sbss
 *(.bss)
 .bss           0x0000000020000078       0x1c c:/st/stm32cubeide_1.6.1/stm32cubeide/plugins/com.st.stm32cube.ide.mcu.externaltools.gnu-tools-for-stm32.9-2020-q2-update.win32_1.5.0.202011040924/tools/bin/../lib/gcc/arm-none-eabi/9.3.1/thumb/v7e-m+fp/hard/crtbegin.o
 *(.bss*)
 .bss.rx_buffer
                0x0000000020000094       0x48 Core/Src/UartRingbuffer.o
                0x0000000020000094                rx_buffer
 .bss.tx_buffer
                0x00000000200000dc       0x48 Core/Src/UartRingbuffer.o
                0x00000000200000dc                tx_buffer
 .bss.display_cursor_on_off_control
                0x0000000020000124        0x1 Core/Src/lcd.o
 .bss.k         0x0000000020000125        0x1 Core/Src/main.o
                0x0000000020000125                k
 *fill*         0x0000000020000126        0x2 
 .bss.__sbrk_heap_end
                0x0000000020000128        0x4 Core/Src/sysmem.o
 .bss.__malloc_free_list
                0x000000002000012c        0x4 c:/st/stm32cubeide_1.6.1/stm32cubeide/plugins/com.st.stm32cube.ide.mcu.externaltools.gnu-tools-for-stm32.9-2020-q2-update.win32_1.5.0.202011040924/tools/bin/../lib/gcc/arm-none-eabi/9.3.1/../../../../arm-none-eabi/lib/thumb/v7e-m+fp/hard\libc_nano.a(lib_a-nano-mallocr.o)
                0x000000002000012c                __malloc_free_list
 .bss.__malloc_sbrk_start
                0x0000000020000130        0x4 c:/st/stm32cubeide_1.6.1/stm32cubeide/plugins/com.st.stm32cube.ide.mcu.externaltools.gnu-tools-for-stm32.9-2020-q2-update.win32_1.5.0.202011040924/tools/bin/../lib/gcc/arm-none-eabi/9.3.1/../../../../arm-none-eabi/lib/thumb/v7e-m+fp/hard\libc_nano.a(lib_a-nano-mallocr.o)
                0x0000000020000130                __malloc_sbrk_start
 *(COMMON)
 COMMON         0x0000000020000134       0x4c Core/Src/UartRingbuffer.o
                0x0000000020000134                _tx_buffer
                0x0000000020000138                _rx_buffer
                0x000000002000013c                huart2
 COMMON         0x0000000020000180      0x194 Core/Src/main.o
                0x0000000020000180                htim4
                0x00000000200001c8                hi2c1
                0x000000002000021c                htim10
                0x0000000020000264                z
                0x0000000020000265                i
                0x0000000020000268                htim13
                0x00000000200002b0                y
                0x00000000200002b4                key
                0x00000000200002c4                Value_Buf
                0x00000000200002cc                htim12
 COMMON         0x0000000020000314        0x4 Drivers/STM32F4xx_HAL_Driver/Src/stm32f4xx_hal.o
                0x0000000020000314                uwTick
 COMMON         0x0000000020000318        0x4 c:/st/stm32cubeide_1.6.1/stm32cubeide/plugins/com.st.stm32cube.ide.mcu.externaltools.gnu-tools-for-stm32.9-2020-q2-update.win32_1.5.0.202011040924/tools/bin/../lib/gcc/arm-none-eabi/9.3.1/../../../../arm-none-eabi/lib/thumb/v7e-m+fp/hard\libc_nano.a(lib_a-reent.o)
                0x0000000020000318                errno
 COMMON         0x000000002000031c        0x9 c:/st/stm32cubeide_1.6.1/stm32cubeide/plugins/com.st.stm32cube.ide.mcu.externaltools.gnu-tools-for-stm32.9-2020-q2-update.win32_1.5.0.202011040924/tools/bin/../lib/gcc/arm-none-eabi/9.3.1/../../../../arm-none-eabi/lib/thumb/v7e-m+fp/hard\libc_nano.a(lib_a-lock.o)
                0x000000002000031c                __lock___atexit_recursive_mutex
                0x000000002000031d                __lock___arc4random_mutex
                0x000000002000031e                __lock___env_recursive_mutex
                0x000000002000031f                __lock___sinit_recursive_mutex
                0x0000000020000320                __lock___malloc_recursive_mutex
                0x0000000020000321                __lock___at_quick_exit_mutex
                0x0000000020000322                __lock___dd_hash_mutex
                0x0000000020000323                __lock___tz_mutex
                0x0000000020000324                __lock___sfp_recursive_mutex
                0x0000000020000328                . = ALIGN (0x4)
 *fill*         0x0000000020000325        0x3 
                0x0000000020000328                _ebss = .
                0x0000000020000328                __bss_end__ = _ebss

._user_heap_stack
                0x0000000020000328      0x600 load address 0x0000000008005760
                0x0000000020000328                . = ALIGN (0x8)
                [!provide]                        PROVIDE (end = .)
                0x0000000020000328                PROVIDE (_end = .)
                0x0000000020000528                . = (. + _Min_Heap_Size)
 *fill*         0x0000000020000328      0x200 
                0x0000000020000928                . = (. + _Min_Stack_Size)
 *fill*         0x0000000020000528      0x400 
                0x0000000020000928                . = ALIGN (0x8)

/DISCARD/
 libc.a(*)
 libm.a(*)
 libgcc.a(*)

.ARM.attributes
                0x0000000000000000       0x30
 *(.ARM.attributes)
 .ARM.attributes
                0x0000000000000000       0x1e c:/st/stm32cubeide_1.6.1/stm32cubeide/plugins/com.st.stm32cube.ide.mcu.externaltools.gnu-tools-for-stm32.9-2020-q2-update.win32_1.5.0.202011040924/tools/bin/../lib/gcc/arm-none-eabi/9.3.1/thumb/v7e-m+fp/hard/crti.o
 .ARM.attributes
                0x000000000000001e       0x34 c:/st/stm32cubeide_1.6.1/stm32cubeide/plugins/com.st.stm32cube.ide.mcu.externaltools.gnu-tools-for-stm32.9-2020-q2-update.win32_1.5.0.202011040924/tools/bin/../lib/gcc/arm-none-eabi/9.3.1/thumb/v7e-m+fp/hard/crtbegin.o
 .ARM.attributes
                0x0000000000000052       0x34 Core/Src/ESPDataLogger.o
 .ARM.attributes
                0x0000000000000086       0x34 Core/Src/UartRingbuffer.o
 .ARM.attributes
                0x00000000000000ba       0x34 Core/Src/keypad.o
 .ARM.attributes
                0x00000000000000ee       0x34 Core/Src/lcd.o
 .ARM.attributes
                0x0000000000000122       0x34 Core/Src/main.o
 .ARM.attributes
                0x0000000000000156       0x34 Core/Src/stm32f4xx_hal_msp.o
 .ARM.attributes
                0x000000000000018a       0x34 Core/Src/stm32f4xx_it.o
 .ARM.attributes
                0x00000000000001be       0x34 Core/Src/sysmem.o
 .ARM.attributes
                0x00000000000001f2       0x34 Core/Src/system_stm32f4xx.o
 .ARM.attributes
                0x0000000000000226       0x21 Core/Startup/startup_stm32f407vgtx.o
 .ARM.attributes
                0x0000000000000247       0x34 Drivers/STM32F4xx_HAL_Driver/Src/stm32f4xx_hal.o
 .ARM.attributes
                0x000000000000027b       0x34 Drivers/STM32F4xx_HAL_Driver/Src/stm32f4xx_hal_cortex.o
 .ARM.attributes
                0x00000000000002af       0x34 Drivers/STM32F4xx_HAL_Driver/Src/stm32f4xx_hal_dma.o
 .ARM.attributes
                0x00000000000002e3       0x34 Drivers/STM32F4xx_HAL_Driver/Src/stm32f4xx_hal_gpio.o
 .ARM.attributes
                0x0000000000000317       0x34 Drivers/STM32F4xx_HAL_Driver/Src/stm32f4xx_hal_i2c.o
 .ARM.attributes
                0x000000000000034b       0x34 Drivers/STM32F4xx_HAL_Driver/Src/stm32f4xx_hal_rcc.o
 .ARM.attributes
                0x000000000000037f       0x34 Drivers/STM32F4xx_HAL_Driver/Src/stm32f4xx_hal_tim.o
 .ARM.attributes
                0x00000000000003b3       0x34 Drivers/STM32F4xx_HAL_Driver/Src/stm32f4xx_hal_tim_ex.o
 .ARM.attributes
                0x00000000000003e7       0x34 Drivers/STM32F4xx_HAL_Driver/Src/stm32f4xx_hal_uart.o
 .ARM.attributes
                0x000000000000041b       0x34 c:/st/stm32cubeide_1.6.1/stm32cubeide/plugins/com.st.stm32cube.ide.mcu.externaltools.gnu-tools-for-stm32.9-2020-q2-update.win32_1.5.0.202011040924/tools/bin/../lib/gcc/arm-none-eabi/9.3.1/../../../../arm-none-eabi/lib/thumb/v7e-m+fp/hard\libc_nano.a(lib_a-errno.o)
 .ARM.attributes
                0x000000000000044f       0x32 c:/st/stm32cubeide_1.6.1/stm32cubeide/plugins/com.st.stm32cube.ide.mcu.externaltools.gnu-tools-for-stm32.9-2020-q2-update.win32_1.5.0.202011040924/tools/bin/../lib/gcc/arm-none-eabi/9.3.1/../../../../arm-none-eabi/lib/thumb/v7e-m+fp/hard\libc_nano.a(lib_a-impure.o)
 .ARM.attributes
                0x0000000000000481       0x34 c:/st/stm32cubeide_1.6.1/stm32cubeide/plugins/com.st.stm32cube.ide.mcu.externaltools.gnu-tools-for-stm32.9-2020-q2-update.win32_1.5.0.202011040924/tools/bin/../lib/gcc/arm-none-eabi/9.3.1/../../../../arm-none-eabi/lib/thumb/v7e-m+fp/hard\libc_nano.a(lib_a-init.o)
 .ARM.attributes
                0x00000000000004b5       0x34 c:/st/stm32cubeide_1.6.1/stm32cubeide/plugins/com.st.stm32cube.ide.mcu.externaltools.gnu-tools-for-stm32.9-2020-q2-update.win32_1.5.0.202011040924/tools/bin/../lib/gcc/arm-none-eabi/9.3.1/../../../../arm-none-eabi/lib/thumb/v7e-m+fp/hard\libc_nano.a(lib_a-memset.o)
 .ARM.attributes
                0x00000000000004e9       0x34 c:/st/stm32cubeide_1.6.1/stm32cubeide/plugins/com.st.stm32cube.ide.mcu.externaltools.gnu-tools-for-stm32.9-2020-q2-update.win32_1.5.0.202011040924/tools/bin/../lib/gcc/arm-none-eabi/9.3.1/../../../../arm-none-eabi/lib/thumb/v7e-m+fp/hard\libc_nano.a(lib_a-sprintf.o)
 .ARM.attributes
                0x000000000000051d       0x34 c:/st/stm32cubeide_1.6.1/stm32cubeide/plugins/com.st.stm32cube.ide.mcu.externaltools.gnu-tools-for-stm32.9-2020-q2-update.win32_1.5.0.202011040924/tools/bin/../lib/gcc/arm-none-eabi/9.3.1/../../../../arm-none-eabi/lib/thumb/v7e-m+fp/hard\libc_nano.a(lib_a-strcat.o)
 .ARM.attributes
                0x0000000000000551       0x17 c:/st/stm32cubeide_1.6.1/stm32cubeide/plugins/com.st.stm32cube.ide.mcu.externaltools.gnu-tools-for-stm32.9-2020-q2-update.win32_1.5.0.202011040924/tools/bin/../lib/gcc/arm-none-eabi/9.3.1/../../../../arm-none-eabi/lib/thumb/v7e-m+fp/hard\libc_nano.a(lib_a-strlen.o)
 .ARM.attributes
                0x0000000000000568       0x34 c:/st/stm32cubeide_1.6.1/stm32cubeide/plugins/com.st.stm32cube.ide.mcu.externaltools.gnu-tools-for-stm32.9-2020-q2-update.win32_1.5.0.202011040924/tools/bin/../lib/gcc/arm-none-eabi/9.3.1/../../../../arm-none-eabi/lib/thumb/v7e-m+fp/hard\libc_nano.a(lib_a-nano-svfprintf.o)
 .ARM.attributes
                0x000000000000059c       0x34 c:/st/stm32cubeide_1.6.1/stm32cubeide/plugins/com.st.stm32cube.ide.mcu.externaltools.gnu-tools-for-stm32.9-2020-q2-update.win32_1.5.0.202011040924/tools/bin/../lib/gcc/arm-none-eabi/9.3.1/../../../../arm-none-eabi/lib/thumb/v7e-m+fp/hard\libc_nano.a(lib_a-nano-vfprintf_i.o)
 .ARM.attributes
                0x00000000000005d0       0x1c c:/st/stm32cubeide_1.6.1/stm32cubeide/plugins/com.st.stm32cube.ide.mcu.externaltools.gnu-tools-for-stm32.9-2020-q2-update.win32_1.5.0.202011040924/tools/bin/../lib/gcc/arm-none-eabi/9.3.1/../../../../arm-none-eabi/lib/thumb/v7e-m+fp/hard\libc_nano.a(lib_a-memchr.o)
 .ARM.attributes
                0x00000000000005ec       0x34 c:/st/stm32cubeide_1.6.1/stm32cubeide/plugins/com.st.stm32cube.ide.mcu.externaltools.gnu-tools-for-stm32.9-2020-q2-update.win32_1.5.0.202011040924/tools/bin/../lib/gcc/arm-none-eabi/9.3.1/../../../../arm-none-eabi/lib/thumb/v7e-m+fp/hard\libc_nano.a(lib_a-memcpy-stub.o)
 .ARM.attributes
                0x0000000000000620       0x34 c:/st/stm32cubeide_1.6.1/stm32cubeide/plugins/com.st.stm32cube.ide.mcu.externaltools.gnu-tools-for-stm32.9-2020-q2-update.win32_1.5.0.202011040924/tools/bin/../lib/gcc/arm-none-eabi/9.3.1/../../../../arm-none-eabi/lib/thumb/v7e-m+fp/hard\libc_nano.a(lib_a-memmove.o)
 .ARM.attributes
                0x0000000000000654       0x34 c:/st/stm32cubeide_1.6.1/stm32cubeide/plugins/com.st.stm32cube.ide.mcu.externaltools.gnu-tools-for-stm32.9-2020-q2-update.win32_1.5.0.202011040924/tools/bin/../lib/gcc/arm-none-eabi/9.3.1/../../../../arm-none-eabi/lib/thumb/v7e-m+fp/hard\libc_nano.a(lib_a-nano-freer.o)
 .ARM.attributes
                0x0000000000000688       0x34 c:/st/stm32cubeide_1.6.1/stm32cubeide/plugins/com.st.stm32cube.ide.mcu.externaltools.gnu-tools-for-stm32.9-2020-q2-update.win32_1.5.0.202011040924/tools/bin/../lib/gcc/arm-none-eabi/9.3.1/../../../../arm-none-eabi/lib/thumb/v7e-m+fp/hard\libc_nano.a(lib_a-nano-mallocr.o)
 .ARM.attributes
                0x00000000000006bc       0x34 c:/st/stm32cubeide_1.6.1/stm32cubeide/plugins/com.st.stm32cube.ide.mcu.externaltools.gnu-tools-for-stm32.9-2020-q2-update.win32_1.5.0.202011040924/tools/bin/../lib/gcc/arm-none-eabi/9.3.1/../../../../arm-none-eabi/lib/thumb/v7e-m+fp/hard\libc_nano.a(lib_a-nano-reallocr.o)
 .ARM.attributes
                0x00000000000006f0       0x34 c:/st/stm32cubeide_1.6.1/stm32cubeide/plugins/com.st.stm32cube.ide.mcu.externaltools.gnu-tools-for-stm32.9-2020-q2-update.win32_1.5.0.202011040924/tools/bin/../lib/gcc/arm-none-eabi/9.3.1/../../../../arm-none-eabi/lib/thumb/v7e-m+fp/hard\libc_nano.a(lib_a-sbrkr.o)
 .ARM.attributes
                0x0000000000000724       0x34 c:/st/stm32cubeide_1.6.1/stm32cubeide/plugins/com.st.stm32cube.ide.mcu.externaltools.gnu-tools-for-stm32.9-2020-q2-update.win32_1.5.0.202011040924/tools/bin/../lib/gcc/arm-none-eabi/9.3.1/../../../../arm-none-eabi/lib/thumb/v7e-m+fp/hard\libc_nano.a(lib_a-mlock.o)
 .ARM.attributes
                0x0000000000000758       0x34 c:/st/stm32cubeide_1.6.1/stm32cubeide/plugins/com.st.stm32cube.ide.mcu.externaltools.gnu-tools-for-stm32.9-2020-q2-update.win32_1.5.0.202011040924/tools/bin/../lib/gcc/arm-none-eabi/9.3.1/../../../../arm-none-eabi/lib/thumb/v7e-m+fp/hard\libc_nano.a(lib_a-nano-msizer.o)
 .ARM.attributes
                0x000000000000078c       0x34 c:/st/stm32cubeide_1.6.1/stm32cubeide/plugins/com.st.stm32cube.ide.mcu.externaltools.gnu-tools-for-stm32.9-2020-q2-update.win32_1.5.0.202011040924/tools/bin/../lib/gcc/arm-none-eabi/9.3.1/../../../../arm-none-eabi/lib/thumb/v7e-m+fp/hard\libc_nano.a(lib_a-reent.o)
 .ARM.attributes
                0x00000000000007c0       0x34 c:/st/stm32cubeide_1.6.1/stm32cubeide/plugins/com.st.stm32cube.ide.mcu.externaltools.gnu-tools-for-stm32.9-2020-q2-update.win32_1.5.0.202011040924/tools/bin/../lib/gcc/arm-none-eabi/9.3.1/../../../../arm-none-eabi/lib/thumb/v7e-m+fp/hard\libc_nano.a(lib_a-lock.o)
 .ARM.attributes
                0x00000000000007f4       0x1e c:/st/stm32cubeide_1.6.1/stm32cubeide/plugins/com.st.stm32cube.ide.mcu.externaltools.gnu-tools-for-stm32.9-2020-q2-update.win32_1.5.0.202011040924/tools/bin/../lib/gcc/arm-none-eabi/9.3.1/thumb/v7e-m+fp/hard\libgcc.a(_aeabi_uldivmod.o)
 .ARM.attributes
                0x0000000000000812       0x34 c:/st/stm32cubeide_1.6.1/stm32cubeide/plugins/com.st.stm32cube.ide.mcu.externaltools.gnu-tools-for-stm32.9-2020-q2-update.win32_1.5.0.202011040924/tools/bin/../lib/gcc/arm-none-eabi/9.3.1/thumb/v7e-m+fp/hard\libgcc.a(_udivmoddi4.o)
 .ARM.attributes
                0x0000000000000846       0x1e c:/st/stm32cubeide_1.6.1/stm32cubeide/plugins/com.st.stm32cube.ide.mcu.externaltools.gnu-tools-for-stm32.9-2020-q2-update.win32_1.5.0.202011040924/tools/bin/../lib/gcc/arm-none-eabi/9.3.1/thumb/v7e-m+fp/hard\libgcc.a(_dvmd_tls.o)
 .ARM.attributes
                0x0000000000000864       0x1e c:/st/stm32cubeide_1.6.1/stm32cubeide/plugins/com.st.stm32cube.ide.mcu.externaltools.gnu-tools-for-stm32.9-2020-q2-update.win32_1.5.0.202011040924/tools/bin/../lib/gcc/arm-none-eabi/9.3.1/thumb/v7e-m+fp/hard/crtn.o
OUTPUT(tez.elf elf32-littlearm)
LOAD linker stubs
LOAD c:/st/stm32cubeide_1.6.1/stm32cubeide/plugins/com.st.stm32cube.ide.mcu.externaltools.gnu-tools-for-stm32.9-2020-q2-update.win32_1.5.0.202011040924/tools/bin/../lib/gcc/arm-none-eabi/9.3.1/../../../../arm-none-eabi/lib/thumb/v7e-m+fp/hard\libc.a
LOAD c:/st/stm32cubeide_1.6.1/stm32cubeide/plugins/com.st.stm32cube.ide.mcu.externaltools.gnu-tools-for-stm32.9-2020-q2-update.win32_1.5.0.202011040924/tools/bin/../lib/gcc/arm-none-eabi/9.3.1/../../../../arm-none-eabi/lib/thumb/v7e-m+fp/hard\libm.a
LOAD c:/st/stm32cubeide_1.6.1/stm32cubeide/plugins/com.st.stm32cube.ide.mcu.externaltools.gnu-tools-for-stm32.9-2020-q2-update.win32_1.5.0.202011040924/tools/bin/../lib/gcc/arm-none-eabi/9.3.1/thumb/v7e-m+fp/hard\libgcc.a

.debug_info     0x0000000000000000    0x1229b
 .debug_info    0x0000000000000000      0xc33 Core/Src/ESPDataLogger.o
 .debug_info    0x0000000000000c33     0x1385 Core/Src/UartRingbuffer.o
 .debug_info    0x0000000000001fb8      0x286 Core/Src/keypad.o
 .debug_info    0x000000000000223e      0x61e Core/Src/lcd.o
 .debug_info    0x000000000000285c     0x1e53 Core/Src/main.o
 .debug_info    0x00000000000046af     0x145c Core/Src/stm32f4xx_hal_msp.o
 .debug_info    0x0000000000005b0b      0x70d Core/Src/stm32f4xx_it.o
 .debug_info    0x0000000000006218      0xa25 Core/Src/sysmem.o
 .debug_info    0x0000000000006c3d      0x5a4 Core/Src/system_stm32f4xx.o
 .debug_info    0x00000000000071e1       0x22 Core/Startup/startup_stm32f407vgtx.o
 .debug_info    0x0000000000007203      0x9b2 Drivers/STM32F4xx_HAL_Driver/Src/stm32f4xx_hal.o
 .debug_info    0x0000000000007bb5      0xed7 Drivers/STM32F4xx_HAL_Driver/Src/stm32f4xx_hal_cortex.o
 .debug_info    0x0000000000008a8c      0x9f1 Drivers/STM32F4xx_HAL_Driver/Src/stm32f4xx_hal_dma.o
 .debug_info    0x000000000000947d      0x83e Drivers/STM32F4xx_HAL_Driver/Src/stm32f4xx_hal_gpio.o
 .debug_info    0x0000000000009cbb     0x2633 Drivers/STM32F4xx_HAL_Driver/Src/stm32f4xx_hal_i2c.o
 .debug_info    0x000000000000c2ee      0x996 Drivers/STM32F4xx_HAL_Driver/Src/stm32f4xx_hal_rcc.o
 .debug_info    0x000000000000cc84     0x2a90 Drivers/STM32F4xx_HAL_Driver/Src/stm32f4xx_hal_tim.o
 .debug_info    0x000000000000f714     0x1522 Drivers/STM32F4xx_HAL_Driver/Src/stm32f4xx_hal_tim_ex.o
 .debug_info    0x0000000000010c36     0x1665 Drivers/STM32F4xx_HAL_Driver/Src/stm32f4xx_hal_uart.o

.debug_abbrev   0x0000000000000000     0x27f4
 .debug_abbrev  0x0000000000000000      0x229 Core/Src/ESPDataLogger.o
 .debug_abbrev  0x0000000000000229      0x315 Core/Src/UartRingbuffer.o
 .debug_abbrev  0x000000000000053e      0x110 Core/Src/keypad.o
 .debug_abbrev  0x000000000000064e      0x268 Core/Src/lcd.o
 .debug_abbrev  0x00000000000008b6      0x2ce Core/Src/main.o
 .debug_abbrev  0x0000000000000b84      0x23e Core/Src/stm32f4xx_hal_msp.o
 .debug_abbrev  0x0000000000000dc2      0x163 Core/Src/stm32f4xx_it.o
 .debug_abbrev  0x0000000000000f25      0x1bf Core/Src/sysmem.o
 .debug_abbrev  0x00000000000010e4      0x145 Core/Src/system_stm32f4xx.o
 .debug_abbrev  0x0000000000001229       0x12 Core/Startup/startup_stm32f407vgtx.o
 .debug_abbrev  0x000000000000123b      0x1ed Drivers/STM32F4xx_HAL_Driver/Src/stm32f4xx_hal.o
 .debug_abbrev  0x0000000000001428      0x33c Drivers/STM32F4xx_HAL_Driver/Src/stm32f4xx_hal_cortex.o
 .debug_abbrev  0x0000000000001764      0x259 Drivers/STM32F4xx_HAL_Driver/Src/stm32f4xx_hal_dma.o
 .debug_abbrev  0x00000000000019bd      0x1f1 Drivers/STM32F4xx_HAL_Driver/Src/stm32f4xx_hal_gpio.o
 .debug_abbrev  0x0000000000001bae      0x282 Drivers/STM32F4xx_HAL_Driver/Src/stm32f4xx_hal_i2c.o
 .debug_abbrev  0x0000000000001e30      0x275 Drivers/STM32F4xx_HAL_Driver/Src/stm32f4xx_hal_rcc.o
 .debug_abbrev  0x00000000000020a5      0x25e Drivers/STM32F4xx_HAL_Driver/Src/stm32f4xx_hal_tim.o
 .debug_abbrev  0x0000000000002303      0x266 Drivers/STM32F4xx_HAL_Driver/Src/stm32f4xx_hal_tim_ex.o
 .debug_abbrev  0x0000000000002569      0x28b Drivers/STM32F4xx_HAL_Driver/Src/stm32f4xx_hal_uart.o

.debug_aranges  0x0000000000000000     0x10e8
 .debug_aranges
                0x0000000000000000       0x38 Core/Src/ESPDataLogger.o
 .debug_aranges
                0x0000000000000038       0x88 Core/Src/UartRingbuffer.o
 .debug_aranges
                0x00000000000000c0       0x28 Core/Src/keypad.o
 .debug_aranges
                0x00000000000000e8      0x108 Core/Src/lcd.o
 .debug_aranges
                0x00000000000001f0       0x68 Core/Src/main.o
 .debug_aranges
                0x0000000000000258       0x68 Core/Src/stm32f4xx_hal_msp.o
 .debug_aranges
                0x00000000000002c0       0x68 Core/Src/stm32f4xx_it.o
 .debug_aranges
                0x0000000000000328       0x20 Core/Src/sysmem.o
 .debug_aranges
                0x0000000000000348       0x28 Core/Src/system_stm32f4xx.o
 .debug_aranges
                0x0000000000000370       0x28 Core/Startup/startup_stm32f407vgtx.o
 .debug_aranges
                0x0000000000000398       0xf0 Drivers/STM32F4xx_HAL_Driver/Src/stm32f4xx_hal.o
 .debug_aranges
                0x0000000000000488      0x118 Drivers/STM32F4xx_HAL_Driver/Src/stm32f4xx_hal_cortex.o
 .debug_aranges
                0x00000000000005a0       0x90 Drivers/STM32F4xx_HAL_Driver/Src/stm32f4xx_hal_dma.o
 .debug_aranges
                0x0000000000000630       0x58 Drivers/STM32F4xx_HAL_Driver/Src/stm32f4xx_hal_gpio.o
 .debug_aranges
                0x0000000000000688      0x2a0 Drivers/STM32F4xx_HAL_Driver/Src/stm32f4xx_hal_i2c.o
 .debug_aranges
                0x0000000000000928       0x88 Drivers/STM32F4xx_HAL_Driver/Src/stm32f4xx_hal_rcc.o
 .debug_aranges
                0x00000000000009b0      0x3d0 Drivers/STM32F4xx_HAL_Driver/Src/stm32f4xx_hal_tim.o
 .debug_aranges
                0x0000000000000d80      0x168 Drivers/STM32F4xx_HAL_Driver/Src/stm32f4xx_hal_tim_ex.o
 .debug_aranges
                0x0000000000000ee8      0x200 Drivers/STM32F4xx_HAL_Driver/Src/stm32f4xx_hal_uart.o

.debug_ranges   0x0000000000000000     0x1018
 .debug_ranges  0x0000000000000000       0x28 Core/Src/ESPDataLogger.o
 .debug_ranges  0x0000000000000028       0x78 Core/Src/UartRingbuffer.o
 .debug_ranges  0x00000000000000a0       0x18 Core/Src/keypad.o
 .debug_ranges  0x00000000000000b8       0xf8 Core/Src/lcd.o
 .debug_ranges  0x00000000000001b0       0x58 Core/Src/main.o
 .debug_ranges  0x0000000000000208       0x58 Core/Src/stm32f4xx_hal_msp.o
 .debug_ranges  0x0000000000000260       0x58 Core/Src/stm32f4xx_it.o
 .debug_ranges  0x00000000000002b8       0x10 Core/Src/sysmem.o
 .debug_ranges  0x00000000000002c8       0x18 Core/Src/system_stm32f4xx.o
 .debug_ranges  0x00000000000002e0       0x20 Core/Startup/startup_stm32f407vgtx.o
 .debug_ranges  0x0000000000000300       0xe0 Drivers/STM32F4xx_HAL_Driver/Src/stm32f4xx_hal.o
 .debug_ranges  0x00000000000003e0      0x108 Drivers/STM32F4xx_HAL_Driver/Src/stm32f4xx_hal_cortex.o
 .debug_ranges  0x00000000000004e8       0x80 Drivers/STM32F4xx_HAL_Driver/Src/stm32f4xx_hal_dma.o
 .debug_ranges  0x0000000000000568       0x48 Drivers/STM32F4xx_HAL_Driver/Src/stm32f4xx_hal_gpio.o
 .debug_ranges  0x00000000000005b0      0x2b8 Drivers/STM32F4xx_HAL_Driver/Src/stm32f4xx_hal_i2c.o
 .debug_ranges  0x0000000000000868       0x78 Drivers/STM32F4xx_HAL_Driver/Src/stm32f4xx_hal_rcc.o
 .debug_ranges  0x00000000000008e0      0x3c0 Drivers/STM32F4xx_HAL_Driver/Src/stm32f4xx_hal_tim.o
 .debug_ranges  0x0000000000000ca0      0x158 Drivers/STM32F4xx_HAL_Driver/Src/stm32f4xx_hal_tim_ex.o
 .debug_ranges  0x0000000000000df8      0x220 Drivers/STM32F4xx_HAL_Driver/Src/stm32f4xx_hal_uart.o

.debug_macro    0x0000000000000000    0x22204
 .debug_macro   0x0000000000000000      0x391 Core/Src/ESPDataLogger.o
 .debug_macro   0x0000000000000391      0xaa8 Core/Src/ESPDataLogger.o
 .debug_macro   0x0000000000000e39      0x2a1 Core/Src/ESPDataLogger.o
 .debug_macro   0x00000000000010da       0x2e Core/Src/ESPDataLogger.o
 .debug_macro   0x0000000000001108       0x2f Core/Src/ESPDataLogger.o
 .debug_macro   0x0000000000001137       0x22 Core/Src/ESPDataLogger.o
 .debug_macro   0x0000000000001159       0x8e Core/Src/ESPDataLogger.o
 .debug_macro   0x00000000000011e7       0x51 Core/Src/ESPDataLogger.o
 .debug_macro   0x0000000000001238      0x103 Core/Src/ESPDataLogger.o
 .debug_macro   0x000000000000133b       0x6a Core/Src/ESPDataLogger.o
 .debug_macro   0x00000000000013a5      0x1df Core/Src/ESPDataLogger.o
 .debug_macro   0x0000000000001584       0x1c Core/Src/ESPDataLogger.o
 .debug_macro   0x00000000000015a0       0x22 Core/Src/ESPDataLogger.o
 .debug_macro   0x00000000000015c2       0xdf Core/Src/ESPDataLogger.o
 .debug_macro   0x00000000000016a1     0x102d Core/Src/ESPDataLogger.o
 .debug_macro   0x00000000000026ce      0x11f Core/Src/ESPDataLogger.o
 .debug_macro   0x00000000000027ed    0x15e3c Core/Src/ESPDataLogger.o
 .debug_macro   0x0000000000018629       0x43 Core/Src/ESPDataLogger.o
 .debug_macro   0x000000000001866c     0x3659 Core/Src/ESPDataLogger.o
 .debug_macro   0x000000000001bcc5      0x174 Core/Src/ESPDataLogger.o
 .debug_macro   0x000000000001be39       0x5c Core/Src/ESPDataLogger.o
 .debug_macro   0x000000000001be95      0x96b Core/Src/ESPDataLogger.o
 .debug_macro   0x000000000001c800      0x9fe Core/Src/ESPDataLogger.o
 .debug_macro   0x000000000001d1fe      0x117 Core/Src/ESPDataLogger.o
 .debug_macro   0x000000000001d315      0x13e Core/Src/ESPDataLogger.o
 .debug_macro   0x000000000001d453       0x82 Core/Src/ESPDataLogger.o
 .debug_macro   0x000000000001d4d5      0x174 Core/Src/ESPDataLogger.o
 .debug_macro   0x000000000001d649      0x287 Core/Src/ESPDataLogger.o
 .debug_macro   0x000000000001d8d0       0x5f Core/Src/ESPDataLogger.o
 .debug_macro   0x000000000001d92f      0x236 Core/Src/ESPDataLogger.o
 .debug_macro   0x000000000001db65      0x12c Core/Src/ESPDataLogger.o
 .debug_macro   0x000000000001dc91      0x21e Core/Src/ESPDataLogger.o
 .debug_macro   0x000000000001deaf       0x2e Core/Src/ESPDataLogger.o
 .debug_macro   0x000000000001dedd      0x1b5 Core/Src/ESPDataLogger.o
 .debug_macro   0x000000000001e092       0xd6 Core/Src/ESPDataLogger.o
 .debug_macro   0x000000000001e168      0x11a Core/Src/ESPDataLogger.o
 .debug_macro   0x000000000001e282       0x7e Core/Src/ESPDataLogger.o
 .debug_macro   0x000000000001e300       0x89 Core/Src/ESPDataLogger.o
 .debug_macro   0x000000000001e389      0x8d1 Core/Src/ESPDataLogger.o
 .debug_macro   0x000000000001ec5a       0x47 Core/Src/ESPDataLogger.o
 .debug_macro   0x000000000001eca1      0x295 Core/Src/ESPDataLogger.o
 .debug_macro   0x000000000001ef36      0x12d Core/Src/ESPDataLogger.o
 .debug_macro   0x000000000001f063       0x52 Core/Src/ESPDataLogger.o
 .debug_macro   0x000000000001f0b5       0x18 Core/Src/ESPDataLogger.o
 .debug_macro   0x000000000001f0cd       0x3c Core/Src/ESPDataLogger.o
 .debug_macro   0x000000000001f109       0x34 Core/Src/ESPDataLogger.o
 .debug_macro   0x000000000001f13d       0x16 Core/Src/ESPDataLogger.o
 .debug_macro   0x000000000001f153       0x35 Core/Src/ESPDataLogger.o
 .debug_macro   0x000000000001f188      0x333 Core/Src/ESPDataLogger.o
 .debug_macro   0x000000000001f4bb       0x10 Core/Src/ESPDataLogger.o
 .debug_macro   0x000000000001f4cb       0x16 Core/Src/ESPDataLogger.o
 .debug_macro   0x000000000001f4e1       0x43 Core/Src/ESPDataLogger.o
 .debug_macro   0x000000000001f524       0x34 Core/Src/ESPDataLogger.o
 .debug_macro   0x000000000001f558       0x10 Core/Src/ESPDataLogger.o
 .debug_macro   0x000000000001f568       0x58 Core/Src/ESPDataLogger.o
 .debug_macro   0x000000000001f5c0       0x71 Core/Src/ESPDataLogger.o
 .debug_macro   0x000000000001f631       0x1c Core/Src/ESPDataLogger.o
 .debug_macro   0x000000000001f64d      0x12a Core/Src/ESPDataLogger.o
 .debug_macro   0x000000000001f777       0x10 Core/Src/ESPDataLogger.o
 .debug_macro   0x000000000001f787       0x1c Core/Src/ESPDataLogger.o
 .debug_macro   0x000000000001f7a3       0x52 Core/Src/ESPDataLogger.o
 .debug_macro   0x000000000001f7f5       0x22 Core/Src/ESPDataLogger.o
 .debug_macro   0x000000000001f817       0x10 Core/Src/ESPDataLogger.o
 .debug_macro   0x000000000001f827       0x40 Core/Src/ESPDataLogger.o
 .debug_macro   0x000000000001f867       0xd5 Core/Src/ESPDataLogger.o
 .debug_macro   0x000000000001f93c       0x1c Core/Src/ESPDataLogger.o
 .debug_macro   0x000000000001f958       0x3d Core/Src/ESPDataLogger.o
 .debug_macro   0x000000000001f995       0x16 Core/Src/ESPDataLogger.o
 .debug_macro   0x000000000001f9ab      0x145 Core/Src/ESPDataLogger.o
 .debug_macro   0x000000000001faf0       0x16 Core/Src/ESPDataLogger.o
 .debug_macro   0x000000000001fb06       0x20 Core/Src/ESPDataLogger.o
 .debug_macro   0x000000000001fb26      0x2cc Core/Src/UartRingbuffer.o
 .debug_macro   0x000000000001fdf2       0x10 Core/Src/UartRingbuffer.o
 .debug_macro   0x000000000001fe02      0x200 Core/Src/keypad.o
 .debug_macro   0x0000000000020002       0x40 Core/Src/keypad.o
 .debug_macro   0x0000000000020042       0x10 Core/Src/keypad.o
 .debug_macro   0x0000000000020052      0x1fa Core/Src/lcd.o
 .debug_macro   0x000000000002024c       0x46 Core/Src/lcd.o
 .debug_macro   0x0000000000020292      0x172 Core/Src/lcd.o
 .debug_macro   0x0000000000020404      0x2e5 Core/Src/main.o
 .debug_macro   0x00000000000206e9      0x1f7 Core/Src/stm32f4xx_hal_msp.o
 .debug_macro   0x00000000000208e0      0x201 Core/Src/stm32f4xx_it.o
 .debug_macro   0x0000000000020ae1       0xff Core/Src/sysmem.o
 .debug_macro   0x0000000000020be0      0x23b Core/Src/sysmem.o
 .debug_macro   0x0000000000020e1b      0x1e8 Core/Src/system_stm32f4xx.o
 .debug_macro   0x0000000000021003      0x248 Drivers/STM32F4xx_HAL_Driver/Src/stm32f4xx_hal.o
 .debug_macro   0x000000000002124b      0x1e8 Drivers/STM32F4xx_HAL_Driver/Src/stm32f4xx_hal_cortex.o
 .debug_macro   0x0000000000021433      0x1ee Drivers/STM32F4xx_HAL_Driver/Src/stm32f4xx_hal_dma.o
 .debug_macro   0x0000000000021621      0x1ee Drivers/STM32F4xx_HAL_Driver/Src/stm32f4xx_hal_gpio.o
 .debug_macro   0x000000000002180f      0x22f Drivers/STM32F4xx_HAL_Driver/Src/stm32f4xx_hal_i2c.o
 .debug_macro   0x0000000000021a3e      0x20c Drivers/STM32F4xx_HAL_Driver/Src/stm32f4xx_hal_rcc.o
 .debug_macro   0x0000000000021c4a      0x1e9 Drivers/STM32F4xx_HAL_Driver/Src/stm32f4xx_hal_tim.o
 .debug_macro   0x0000000000021e33      0x1e8 Drivers/STM32F4xx_HAL_Driver/Src/stm32f4xx_hal_tim_ex.o
 .debug_macro   0x000000000002201b      0x1e9 Drivers/STM32F4xx_HAL_Driver/Src/stm32f4xx_hal_uart.o

.debug_line     0x0000000000000000    0x13785
 .debug_line    0x0000000000000000      0xacb Core/Src/ESPDataLogger.o
 .debug_line    0x0000000000000acb      0xce8 Core/Src/UartRingbuffer.o
 .debug_line    0x00000000000017b3      0x7c0 Core/Src/keypad.o
 .debug_line    0x0000000000001f73      0xb64 Core/Src/lcd.o
 .debug_line    0x0000000000002ad7      0xce1 Core/Src/main.o
 .debug_line    0x00000000000037b8      0x8d6 Core/Src/stm32f4xx_hal_msp.o
 .debug_line    0x000000000000408e      0x7d5 Core/Src/stm32f4xx_it.o
 .debug_line    0x0000000000004863      0x4f8 Core/Src/sysmem.o
 .debug_line    0x0000000000004d5b      0x779 Core/Src/system_stm32f4xx.o
 .debug_line    0x00000000000054d4       0x88 Core/Startup/startup_stm32f407vgtx.o
 .debug_line    0x000000000000555c      0x9df Drivers/STM32F4xx_HAL_Driver/Src/stm32f4xx_hal.o
 .debug_line    0x0000000000005f3b      0xc8e Drivers/STM32F4xx_HAL_Driver/Src/stm32f4xx_hal_cortex.o
 .debug_line    0x0000000000006bc9      0xf48 Drivers/STM32F4xx_HAL_Driver/Src/stm32f4xx_hal_dma.o
 .debug_line    0x0000000000007b11      0xb57 Drivers/STM32F4xx_HAL_Driver/Src/stm32f4xx_hal_gpio.o
 .debug_line    0x0000000000008668     0x3966 Drivers/STM32F4xx_HAL_Driver/Src/stm32f4xx_hal_i2c.o
 .debug_line    0x000000000000bfce      0xd5b Drivers/STM32F4xx_HAL_Driver/Src/stm32f4xx_hal_rcc.o
 .debug_line    0x000000000000cd29     0x360b Drivers/STM32F4xx_HAL_Driver/Src/stm32f4xx_hal_tim.o
 .debug_line    0x0000000000010334     0x19ac Drivers/STM32F4xx_HAL_Driver/Src/stm32f4xx_hal_tim_ex.o
 .debug_line    0x0000000000011ce0     0x1aa5 Drivers/STM32F4xx_HAL_Driver/Src/stm32f4xx_hal_uart.o

.debug_str      0x0000000000000000    0xce11e
 .debug_str     0x0000000000000000    0xc87a7 Core/Src/ESPDataLogger.o
                                      0xc8ad0 (size before relaxing)
 .debug_str     0x00000000000c87a7      0x548 Core/Src/UartRingbuffer.o
                                      0xc80b9 (size before relaxing)
 .debug_str     0x00000000000c8cef      0x15e Core/Src/keypad.o
                                      0xc4a16 (size before relaxing)
 .debug_str     0x00000000000c8e4d      0xa95 Core/Src/lcd.o
                                      0xc5464 (size before relaxing)
 .debug_str     0x00000000000c98e2      0x915 Core/Src/main.o
                                      0xc91f6 (size before relaxing)
 .debug_str     0x00000000000ca1f7      0x5ca Core/Src/stm32f4xx_hal_msp.o
                                      0xc5a3b (size before relaxing)
 .debug_str     0x00000000000ca7c1       0xcf Core/Src/stm32f4xx_it.o
                                      0xc4e73 (size before relaxing)
 .debug_str     0x00000000000ca890      0x4e9 Core/Src/sysmem.o
                                       0x629b (size before relaxing)
 .debug_str     0x00000000000cad79       0xaf Core/Src/system_stm32f4xx.o
                                      0xc4a4f (size before relaxing)
 .debug_str     0x00000000000cae28       0x36 Core/Startup/startup_stm32f407vgtx.o
                                         0x6c (size before relaxing)
 .debug_str     0x00000000000cae5e      0x58d Drivers/STM32F4xx_HAL_Driver/Src/stm32f4xx_hal.o
                                      0xc5531 (size before relaxing)
 .debug_str     0x00000000000cb3eb      0x399 Drivers/STM32F4xx_HAL_Driver/Src/stm32f4xx_hal_cortex.o
                                      0xc5320 (size before relaxing)
 .debug_str     0x00000000000cb784      0x31d Drivers/STM32F4xx_HAL_Driver/Src/stm32f4xx_hal_dma.o
                                      0xc4e79 (size before relaxing)
 .debug_str     0x00000000000cbaa1      0x15f Drivers/STM32F4xx_HAL_Driver/Src/stm32f4xx_hal_gpio.o
                                      0xc4bf6 (size before relaxing)
 .debug_str     0x00000000000cbc00      0xabe Drivers/STM32F4xx_HAL_Driver/Src/stm32f4xx_hal_i2c.o
                                      0xc59d1 (size before relaxing)
 .debug_str     0x00000000000cc6be      0x24e Drivers/STM32F4xx_HAL_Driver/Src/stm32f4xx_hal_rcc.o
                                      0xc4e51 (size before relaxing)
 .debug_str     0x00000000000cc90c      0xd56 Drivers/STM32F4xx_HAL_Driver/Src/stm32f4xx_hal_tim.o
                                      0xc5d77 (size before relaxing)
 .debug_str     0x00000000000cd662      0x4ee Drivers/STM32F4xx_HAL_Driver/Src/stm32f4xx_hal_tim_ex.o
                                      0xc5528 (size before relaxing)
 .debug_str     0x00000000000cdb50      0x5ce Drivers/STM32F4xx_HAL_Driver/Src/stm32f4xx_hal_uart.o
                                      0xc53b3 (size before relaxing)

.comment        0x0000000000000000       0x53
 .comment       0x0000000000000000       0x53 Core/Src/ESPDataLogger.o
                                         0x54 (size before relaxing)
 .comment       0x0000000000000053       0x54 Core/Src/UartRingbuffer.o
 .comment       0x0000000000000053       0x54 Core/Src/keypad.o
 .comment       0x0000000000000053       0x54 Core/Src/lcd.o
 .comment       0x0000000000000053       0x54 Core/Src/main.o
 .comment       0x0000000000000053       0x54 Core/Src/stm32f4xx_hal_msp.o
 .comment       0x0000000000000053       0x54 Core/Src/stm32f4xx_it.o
 .comment       0x0000000000000053       0x54 Core/Src/sysmem.o
 .comment       0x0000000000000053       0x54 Core/Src/system_stm32f4xx.o
 .comment       0x0000000000000053       0x54 Drivers/STM32F4xx_HAL_Driver/Src/stm32f4xx_hal.o
 .comment       0x0000000000000053       0x54 Drivers/STM32F4xx_HAL_Driver/Src/stm32f4xx_hal_cortex.o
 .comment       0x0000000000000053       0x54 Drivers/STM32F4xx_HAL_Driver/Src/stm32f4xx_hal_dma.o
 .comment       0x0000000000000053       0x54 Drivers/STM32F4xx_HAL_Driver/Src/stm32f4xx_hal_gpio.o
 .comment       0x0000000000000053       0x54 Drivers/STM32F4xx_HAL_Driver/Src/stm32f4xx_hal_i2c.o
 .comment       0x0000000000000053       0x54 Drivers/STM32F4xx_HAL_Driver/Src/stm32f4xx_hal_rcc.o
 .comment       0x0000000000000053       0x54 Drivers/STM32F4xx_HAL_Driver/Src/stm32f4xx_hal_tim.o
 .comment       0x0000000000000053       0x54 Drivers/STM32F4xx_HAL_Driver/Src/stm32f4xx_hal_tim_ex.o
 .comment       0x0000000000000053       0x54 Drivers/STM32F4xx_HAL_Driver/Src/stm32f4xx_hal_uart.o

.debug_frame    0x0000000000000000     0x4b0c
 .debug_frame   0x0000000000000000       0xa8 Core/Src/ESPDataLogger.o
 .debug_frame   0x00000000000000a8      0x204 Core/Src/UartRingbuffer.o
 .debug_frame   0x00000000000002ac       0x48 Core/Src/keypad.o
 .debug_frame   0x00000000000002f4      0x3b0 Core/Src/lcd.o
 .debug_frame   0x00000000000006a4      0x158 Core/Src/main.o
 .debug_frame   0x00000000000007fc      0x18c Core/Src/stm32f4xx_hal_msp.o
 .debug_frame   0x0000000000000988      0x120 Core/Src/stm32f4xx_it.o
 .debug_frame   0x0000000000000aa8       0x34 Core/Src/sysmem.o
 .debug_frame   0x0000000000000adc       0x58 Core/Src/system_stm32f4xx.o
 .debug_frame   0x0000000000000b34      0x374 Drivers/STM32F4xx_HAL_Driver/Src/stm32f4xx_hal.o
 .debug_frame   0x0000000000000ea8      0x498 Drivers/STM32F4xx_HAL_Driver/Src/stm32f4xx_hal_cortex.o
 .debug_frame   0x0000000000001340      0x250 Drivers/STM32F4xx_HAL_Driver/Src/stm32f4xx_hal_dma.o
 .debug_frame   0x0000000000001590      0x14c Drivers/STM32F4xx_HAL_Driver/Src/stm32f4xx_hal_gpio.o
 .debug_frame   0x00000000000016dc      0xc5c Drivers/STM32F4xx_HAL_Driver/Src/stm32f4xx_hal_i2c.o
 .debug_frame   0x0000000000002338      0x1f0 Drivers/STM32F4xx_HAL_Driver/Src/stm32f4xx_hal_rcc.o
 .debug_frame   0x0000000000002528     0x11bc Drivers/STM32F4xx_HAL_Driver/Src/stm32f4xx_hal_tim.o
 .debug_frame   0x00000000000036e4      0x638 Drivers/STM32F4xx_HAL_Driver/Src/stm32f4xx_hal_tim_ex.o
 .debug_frame   0x0000000000003d1c      0x924 Drivers/STM32F4xx_HAL_Driver/Src/stm32f4xx_hal_uart.o
 .debug_frame   0x0000000000004640       0x20 c:/st/stm32cubeide_1.6.1/stm32cubeide/plugins/com.st.stm32cube.ide.mcu.externaltools.gnu-tools-for-stm32.9-2020-q2-update.win32_1.5.0.202011040924/tools/bin/../lib/gcc/arm-none-eabi/9.3.1/../../../../arm-none-eabi/lib/thumb/v7e-m+fp/hard\libc_nano.a(lib_a-errno.o)
 .debug_frame   0x0000000000004660       0x2c c:/st/stm32cubeide_1.6.1/stm32cubeide/plugins/com.st.stm32cube.ide.mcu.externaltools.gnu-tools-for-stm32.9-2020-q2-update.win32_1.5.0.202011040924/tools/bin/../lib/gcc/arm-none-eabi/9.3.1/../../../../arm-none-eabi/lib/thumb/v7e-m+fp/hard\libc_nano.a(lib_a-init.o)
 .debug_frame   0x000000000000468c       0x20 c:/st/stm32cubeide_1.6.1/stm32cubeide/plugins/com.st.stm32cube.ide.mcu.externaltools.gnu-tools-for-stm32.9-2020-q2-update.win32_1.5.0.202011040924/tools/bin/../lib/gcc/arm-none-eabi/9.3.1/../../../../arm-none-eabi/lib/thumb/v7e-m+fp/hard\libc_nano.a(lib_a-memset.o)
 .debug_frame   0x00000000000046ac       0x6c c:/st/stm32cubeide_1.6.1/stm32cubeide/plugins/com.st.stm32cube.ide.mcu.externaltools.gnu-tools-for-stm32.9-2020-q2-update.win32_1.5.0.202011040924/tools/bin/../lib/gcc/arm-none-eabi/9.3.1/../../../../arm-none-eabi/lib/thumb/v7e-m+fp/hard\libc_nano.a(lib_a-sprintf.o)
 .debug_frame   0x0000000000004718       0x28 c:/st/stm32cubeide_1.6.1/stm32cubeide/plugins/com.st.stm32cube.ide.mcu.externaltools.gnu-tools-for-stm32.9-2020-q2-update.win32_1.5.0.202011040924/tools/bin/../lib/gcc/arm-none-eabi/9.3.1/../../../../arm-none-eabi/lib/thumb/v7e-m+fp/hard\libc_nano.a(lib_a-strcat.o)
 .debug_frame   0x0000000000004740       0x90 c:/st/stm32cubeide_1.6.1/stm32cubeide/plugins/com.st.stm32cube.ide.mcu.externaltools.gnu-tools-for-stm32.9-2020-q2-update.win32_1.5.0.202011040924/tools/bin/../lib/gcc/arm-none-eabi/9.3.1/../../../../arm-none-eabi/lib/thumb/v7e-m+fp/hard\libc_nano.a(lib_a-nano-svfprintf.o)
 .debug_frame   0x00000000000047d0       0x60 c:/st/stm32cubeide_1.6.1/stm32cubeide/plugins/com.st.stm32cube.ide.mcu.externaltools.gnu-tools-for-stm32.9-2020-q2-update.win32_1.5.0.202011040924/tools/bin/../lib/gcc/arm-none-eabi/9.3.1/../../../../arm-none-eabi/lib/thumb/v7e-m+fp/hard\libc_nano.a(lib_a-nano-vfprintf_i.o)
 .debug_frame   0x0000000000004830       0x28 c:/st/stm32cubeide_1.6.1/stm32cubeide/plugins/com.st.stm32cube.ide.mcu.externaltools.gnu-tools-for-stm32.9-2020-q2-update.win32_1.5.0.202011040924/tools/bin/../lib/gcc/arm-none-eabi/9.3.1/../../../../arm-none-eabi/lib/thumb/v7e-m+fp/hard\libc_nano.a(lib_a-memcpy-stub.o)
 .debug_frame   0x0000000000004858       0x28 c:/st/stm32cubeide_1.6.1/stm32cubeide/plugins/com.st.stm32cube.ide.mcu.externaltools.gnu-tools-for-stm32.9-2020-q2-update.win32_1.5.0.202011040924/tools/bin/../lib/gcc/arm-none-eabi/9.3.1/../../../../arm-none-eabi/lib/thumb/v7e-m+fp/hard\libc_nano.a(lib_a-memmove.o)
 .debug_frame   0x0000000000004880       0x38 c:/st/stm32cubeide_1.6.1/stm32cubeide/plugins/com.st.stm32cube.ide.mcu.externaltools.gnu-tools-for-stm32.9-2020-q2-update.win32_1.5.0.202011040924/tools/bin/../lib/gcc/arm-none-eabi/9.3.1/../../../../arm-none-eabi/lib/thumb/v7e-m+fp/hard\libc_nano.a(lib_a-nano-freer.o)
 .debug_frame   0x00000000000048b8       0x30 c:/st/stm32cubeide_1.6.1/stm32cubeide/plugins/com.st.stm32cube.ide.mcu.externaltools.gnu-tools-for-stm32.9-2020-q2-update.win32_1.5.0.202011040924/tools/bin/../lib/gcc/arm-none-eabi/9.3.1/../../../../arm-none-eabi/lib/thumb/v7e-m+fp/hard\libc_nano.a(lib_a-nano-mallocr.o)
 .debug_frame   0x00000000000048e8       0x3c c:/st/stm32cubeide_1.6.1/stm32cubeide/plugins/com.st.stm32cube.ide.mcu.externaltools.gnu-tools-for-stm32.9-2020-q2-update.win32_1.5.0.202011040924/tools/bin/../lib/gcc/arm-none-eabi/9.3.1/../../../../arm-none-eabi/lib/thumb/v7e-m+fp/hard\libc_nano.a(lib_a-nano-reallocr.o)
 .debug_frame   0x0000000000004924       0x2c c:/st/stm32cubeide_1.6.1/stm32cubeide/plugins/com.st.stm32cube.ide.mcu.externaltools.gnu-tools-for-stm32.9-2020-q2-update.win32_1.5.0.202011040924/tools/bin/../lib/gcc/arm-none-eabi/9.3.1/../../../../arm-none-eabi/lib/thumb/v7e-m+fp/hard\libc_nano.a(lib_a-sbrkr.o)
 .debug_frame   0x0000000000004950       0x30 c:/st/stm32cubeide_1.6.1/stm32cubeide/plugins/com.st.stm32cube.ide.mcu.externaltools.gnu-tools-for-stm32.9-2020-q2-update.win32_1.5.0.202011040924/tools/bin/../lib/gcc/arm-none-eabi/9.3.1/../../../../arm-none-eabi/lib/thumb/v7e-m+fp/hard\libc_nano.a(lib_a-mlock.o)
 .debug_frame   0x0000000000004980       0x20 c:/st/stm32cubeide_1.6.1/stm32cubeide/plugins/com.st.stm32cube.ide.mcu.externaltools.gnu-tools-for-stm32.9-2020-q2-update.win32_1.5.0.202011040924/tools/bin/../lib/gcc/arm-none-eabi/9.3.1/../../../../arm-none-eabi/lib/thumb/v7e-m+fp/hard\libc_nano.a(lib_a-nano-msizer.o)
 .debug_frame   0x00000000000049a0       0x5c c:/st/stm32cubeide_1.6.1/stm32cubeide/plugins/com.st.stm32cube.ide.mcu.externaltools.gnu-tools-for-stm32.9-2020-q2-update.win32_1.5.0.202011040924/tools/bin/../lib/gcc/arm-none-eabi/9.3.1/../../../../arm-none-eabi/lib/thumb/v7e-m+fp/hard\libc_nano.a(lib_a-reent.o)
 .debug_frame   0x00000000000049fc       0xb0 c:/st/stm32cubeide_1.6.1/stm32cubeide/plugins/com.st.stm32cube.ide.mcu.externaltools.gnu-tools-for-stm32.9-2020-q2-update.win32_1.5.0.202011040924/tools/bin/../lib/gcc/arm-none-eabi/9.3.1/../../../../arm-none-eabi/lib/thumb/v7e-m+fp/hard\libc_nano.a(lib_a-lock.o)
 .debug_frame   0x0000000000004aac       0x2c c:/st/stm32cubeide_1.6.1/stm32cubeide/plugins/com.st.stm32cube.ide.mcu.externaltools.gnu-tools-for-stm32.9-2020-q2-update.win32_1.5.0.202011040924/tools/bin/../lib/gcc/arm-none-eabi/9.3.1/thumb/v7e-m+fp/hard\libgcc.a(_aeabi_uldivmod.o)
 .debug_frame   0x0000000000004ad8       0x34 c:/st/stm32cubeide_1.6.1/stm32cubeide/plugins/com.st.stm32cube.ide.mcu.externaltools.gnu-tools-for-stm32.9-2020-q2-update.win32_1.5.0.202011040924/tools/bin/../lib/gcc/arm-none-eabi/9.3.1/thumb/v7e-m+fp/hard\libgcc.a(_udivmoddi4.o)