lcd.c:22:6:lcd16x2_init	16	static
lcd.c:77:6:lcd16x2_write_command	16	static
lcd.c:90:6:lcd16x2_write_data	16	static
lcd.c:103:6:lcd16x2_clrscr	8	static
lcd.c:115:6:lcd16x2_home	8	static
lcd.c:128:6:lcd16x2_gotoxy	16	static
lcd.c:150:9:lcd16x2_getxy	8	static
lcd.c:162:6:lcd16x2_entry_inc	8	static
lcd.c:175:6:lcd16x2_entry_dec	8	static
lcd.c:188:6:lcd16x2_entry_inc_shift	8	static
lcd.c:201:6:lcd16x2_entry_dec_shift	8	static
lcd.c:214:6:lcd16x2_display_on	8	static
lcd.c:228:6:lcd16x2_display_off	8	static
lcd.c:242:6:lcd16x2_cursor_on	8	static
lcd.c:256:6:lcd16x2_cursor_off	8	static
lcd.c:270:6:lcd16x2_blink_on	8	static
lcd.c:284:6:lcd16x2_blink_off	8	static
lcd.c:298:6:lcd16x2_display_shift_left	8	static
lcd.c:311:6:lcd16x2_display_shift_right	8	static
lcd.c:324:6:lcd16x2_cursor_shift_left	8	static
lcd.c:337:6:lcd16x2_cursor_shift_right	8	static
lcd.c:350:6:lcd16x2_putc	24	static
lcd.c:384:6:lcd16x2_puts	16	static
lcd.c:399:6:lcd16x2_create_custom_char	24	static
lcd.c:425:6:lcd16x2_put_custom_char	16	static
lcd.c:439:7:lcd16x2_toggle_e	8	static
lcd.c:458:7:lcd16x2_write	16	static
lcd.c:509:10:lcd16x2_read	24	static
lcd.c:560:10:lcd16x2_wait_busy	8	static
lcd.c:579:7:lcd16x2_new_line	24	static
